19:17:38 **** Build of project bootloader_bsp ****
make -k all 
Running Make include in microblaze_0/libsrc/cpu_v2_6/src
make -C microblaze_0/libsrc/cpu_v2_6/src -s include  "SHELL=/bin/sh" "COMPILER=mb-gcc" "ARCHIVER=mb-ar" "COMPILER_FLAGS= -O2 -c -mcpu=v10.0 -mlittle-endian -mxl-soft-mul" "EXTRA_COMPILER_FLAGS=-ffunction-sections -fdata-sections -Wall -Wextra"
Running Make include in microblaze_0/libsrc/standalone_v6_5/src
make -C microblaze_0/libsrc/standalone_v6_5/src -s include  "SHELL=/bin/sh" "COMPILER=mb-gcc" "ARCHIVER=mb-ar" "COMPILER_FLAGS= -O2 -c -mcpu=v10.0 -mlittle-endian -mxl-soft-mul" "EXTRA_COMPILER_FLAGS=-ffunction-sections -fdata-sections -Wall -Wextra"
Running Make include in microblaze_0/libsrc/xilisf_v5_9/src
make -C microblaze_0/libsrc/xilisf_v5_9/src -s include  "SHELL=/bin/sh" "COMPILER=mb-gcc" "ARCHIVER=mb-ar" "COMPILER_FLAGS= -O2 -c -mcpu=v10.0 -mlittle-endian -mxl-soft-mul" "EXTRA_COMPILER_FLAGS=-ffunction-sections -fdata-sections -Wall -Wextra"
Running Make include in microblaze_0/libsrc/spi_v4_3/src
make -C microblaze_0/libsrc/spi_v4_3/src -s include  "SHELL=/bin/sh" "COMPILER=mb-gcc" "ARCHIVER=mb-ar" "COMPILER_FLAGS= -O2 -c -mcpu=v10.0 -mlittle-endian -mxl-soft-mul" "EXTRA_COMPILER_FLAGS=-ffunction-sections -fdata-sections -Wall -Wextra"
Running Make include in microblaze_0/libsrc/uartlite_v3_2/src
make -C microblaze_0/libsrc/uartlite_v3_2/src -s include  "SHELL=/bin/sh" "COMPILER=mb-gcc" "ARCHIVER=mb-ar" "COMPILER_FLAGS= -O2 -c -mcpu=v10.0 -mlittle-endian -mxl-soft-mul" "EXTRA_COMPILER_FLAGS=-ffunction-sections -fdata-sections -Wall -Wextra"
Running Make include in microblaze_0/libsrc/bram_v4_2/src
make -C microblaze_0/libsrc/bram_v4_2/src -s include  "SHELL=/bin/sh" "COMPILER=mb-gcc" "ARCHIVER=mb-ar" "COMPILER_FLAGS= -O2 -c -mcpu=v10.0 -mlittle-endian -mxl-soft-mul" "EXTRA_COMPILER_FLAGS=-ffunction-sections -fdata-sections -Wall -Wextra"
Running Make include in microblaze_0/libsrc/gpio_v4_3/src
make -C microblaze_0/libsrc/gpio_v4_3/src -s include  "SHELL=/bin/sh" "COMPILER=mb-gcc" "ARCHIVER=mb-ar" "COMPILER_FLAGS= -O2 -c -mcpu=v10.0 -mlittle-endian -mxl-soft-mul" "EXTRA_COMPILER_FLAGS=-ffunction-sections -fdata-sections -Wall -Wextra"
Running Make include in microblaze_0/libsrc/tmrctr_v4_4/src
make -C microblaze_0/libsrc/tmrctr_v4_4/src -s include  "SHELL=/bin/sh" "COMPILER=mb-gcc" "ARCHIVER=mb-ar" "COMPILER_FLAGS= -O2 -c -mcpu=v10.0 -mlittle-endian -mxl-soft-mul" "EXTRA_COMPILER_FLAGS=-ffunction-sections -fdata-sections -Wall -Wextra"
Running Make libs in microblaze_0/libsrc/cpu_v2_6/src
make -C microblaze_0/libsrc/cpu_v2_6/src -s libs  "SHELL=/bin/sh" "COMPILER=mb-gcc" "ARCHIVER=mb-ar" "COMPILER_FLAGS= -O2 -c -mcpu=v10.0 -mlittle-endian -mxl-soft-mul" "EXTRA_COMPILER_FLAGS=-ffunction-sections -fdata-sections -Wall -Wextra"
Compiling cpu
mb-ar: creating ../../../lib/libxil.a
Running Make libs in microblaze_0/libsrc/standalone_v6_5/src
make -C microblaze_0/libsrc/standalone_v6_5/src -s libs  "SHELL=/bin/sh" "COMPILER=mb-gcc" "ARCHIVER=mb-ar" "COMPILER_FLAGS= -O2 -c -mcpu=v10.0 -mlittle-endian -mxl-soft-mul" "EXTRA_COMPILER_FLAGS=-ffunction-sections -fdata-sections -Wall -Wextra"
Compiling standalone
Running Make libs in microblaze_0/libsrc/xilisf_v5_9/src
make -C microblaze_0/libsrc/xilisf_v5_9/src -s libs  "SHELL=/bin/sh" "COMPILER=mb-gcc" "ARCHIVER=mb-ar" "COMPILER_FLAGS= -O2 -c -mcpu=v10.0 -mlittle-endian -mxl-soft-mul" "EXTRA_COMPILER_FLAGS=-ffunction-sections -fdata-sections -Wall -Wextra"
Compiling XilIsf Library
xilisf_read.c: In function 'ReadData':
xilisf_read.c:434:6: warning: unused variable 'TempByteCnt' [-Wunused-variable]
  u32 TempByteCnt = LocalByteCnt;
      ^~~~~~~~~~~
xilisf_read.c:430:5: warning: unused variable 'ShiftSize' [-Wunused-variable]
  u8 ShiftSize;
     ^~~~~~~~~
xilisf_read.c:429:6: warning: unused variable 'BufferIndex' [-Wunused-variable]
  u32 BufferIndex;
      ^~~~~~~~~~~
xilisf_read.c:425:6: warning: unused variable 'BankSel' [-Wunused-variable]
  u32 BankSel;
      ^~~~~~~
xilisf_read.c:424:5: warning: unused variable 'Mode' [-Wunused-variable]
  u8 Mode;
     ^~~~
xilisf_read.c: In function 'FastReadData':
xilisf_read.c:660:6: warning: unused variable 'TempByteCnt' [-Wunused-variable]
  u32 TempByteCnt = LocalByteCnt;
      ^~~~~~~~~~~
xilisf_read.c:656:5: warning: unused variable 'ShiftSize' [-Wunused-variable]
  u8 ShiftSize;
     ^~~~~~~~~
xilisf_read.c:655:6: warning: unused variable 'BufferIndex' [-Wunused-variable]
  u32 BufferIndex;
      ^~~~~~~~~~~
xilisf_read.c:652:6: warning: unused variable 'BankSel' [-Wunused-variable]
  u32 BankSel;
      ^~~~~~~
xilisf_read.c:649:5: warning: unused variable 'Mode' [-Wunused-variable]
  u8 Mode;
     ^~~~
xilisf.c: In function 'XIsf_WriteEnable':
xilisf.c:1049:7: warning: unused variable 'NULLPtr' [-Wunused-variable]
  u8 * NULLPtr = NULL;
       ^~~~~~~
xilisf.c:1048:5: warning: unused variable 'WriteEnableBuf' [-Wunused-variable]
  u8 WriteEnableBuf[1] = {0};
     ^~~~~~~~~~~~~~
xilisf.c:1047:5: warning: unused variable 'Mode' [-Wunused-variable]
  u8 Mode;
     ^~~~
xilisf.c:1044:28: warning: unused parameter 'InstancePtr' [-Wunused-parameter]
 int XIsf_WriteEnable(XIsf *InstancePtr, u8 WriteEnable)
                            ^~~~~~~~~~~
xilisf.c:1044:44: warning: unused parameter 'WriteEnable' [-Wunused-parameter]
 int XIsf_WriteEnable(XIsf *InstancePtr, u8 WriteEnable)
                                            ^~~~~~~~~~~
xilisf.c: In function 'XIsf_Ioctl':
xilisf.c:1153:6: warning: unused variable 'NULLPtr' [-Wunused-variable]
  u8* NULLPtr = NULL;
      ^~~~~~~
xilisf.c:1152:5: warning: unused variable 'Mode' [-Wunused-variable]
  u8 Mode;
     ^~~~
xilisf.c:1149:22: warning: unused parameter 'InstancePtr' [-Wunused-parameter]
 int XIsf_Ioctl(XIsf *InstancePtr, XIsf_IoctlOperation Operation)
                      ^~~~~~~~~~~
xilisf.c:1149:55: warning: unused parameter 'Operation' [-Wunused-parameter]
 int XIsf_Ioctl(XIsf *InstancePtr, XIsf_IoctlOperation Operation)
                                                       ^~~~~~~~~
xilisf.c: In function 'XIsf_RegisterInterface':
xilisf.c:1363:37: warning: assignment from incompatible pointer type [-Wincompatible-pointer-types]
  InstancePtr->XIsf_Iface_SetOptions = XSpi_SetOptions;
                                     ^
xilisf.c:1364:41: warning: assignment from incompatible pointer type [-Wincompatible-pointer-types]
  InstancePtr->XIsf_Iface_SetSlaveSelect = XSpi_SetSlaveSelect;
                                         ^
xilisf.c:1365:35: warning: assignment from incompatible pointer type [-Wincompatible-pointer-types]
  InstancePtr->XIsf_Iface_Transfer = XSpi_Transfer;
                                   ^
xilisf.c: In function 'GetRealAddr':
xilisf.c:2170:6: warning: unused variable 'LqspiCr' [-Wunused-variable]
  u32 LqspiCr;
      ^~~~~~~
xilisf.c:2168:29: warning: unused parameter 'QspiPtr' [-Wunused-parameter]
 u32 GetRealAddr(XIsf_Iface *QspiPtr, u32 Address)
                             ^~~~~~~
At top level:
xilisf.c:538:12: warning: 'XIsf_FCTIndex' defined but not used [-Wunused-variable]
 static u32 XIsf_FCTIndex;
            ^~~~~~~~~~~~~
xilisf_write.c: In function 'WriteData':
xilisf_write.c:451:5: warning: unused variable 'ReadFlagSRCmd' [-Wunused-variable]
  u8 ReadFlagSRCmd[] = {READ_FLAG_STATUS_CMD, 0};
     ^~~~~~~~~~~~~
xilisf_write.c:450:5: warning: unused variable 'ReadStatusCmdBuf' [-Wunused-variable]
  u8 ReadStatusCmdBuf[] = { READ_STATUS_CMD, 0 };
     ^~~~~~~~~~~~~~~~
xilisf_write.c:438:5: warning: unused variable 'FlashStatus' [-Wunused-variable]
  u8 FlashStatus[2] = {0};
     ^~~~~~~~~~~
xilisf_write.c:437:5: warning: unused variable 'FlagStatus' [-Wunused-variable]
  u8 FlagStatus[2] = {0};
     ^~~~~~~~~~
xilisf_write.c:434:6: warning: unused variable 'BankSel' [-Wunused-variable]
  u32 BankSel;
      ^~~~~~~
xilisf_write.c:432:5: warning: unused variable 'Mode' [-Wunused-variable]
  u8 Mode;
     ^~~~
xilisf_write.c: In function 'WriteSR':
xilisf_write.c:991:26: warning: unused parameter 'InstancePtr' [-Wunused-parameter]
 static int WriteSR(XIsf *InstancePtr, u8 SRData)
                          ^~~~~~~~~~~
xilisf_write.c:991:42: warning: unused parameter 'SRData' [-Wunused-parameter]
 static int WriteSR(XIsf *InstancePtr, u8 SRData)
                                          ^~~~~~
xilisf_erase.c: In function 'SectorErase':
xilisf_erase.c:322:14: warning: unused variable 'ReadStatusCmd' [-Wunused-variable]
  u8 FSRFlag, ReadStatusCmd;
              ^~~~~~~~~~~~~
xilisf_erase.c:322:5: warning: unused variable 'FSRFlag' [-Wunused-variable]
  u8 FSRFlag, ReadStatusCmd;
     ^~~~~~~
xilisf_erase.c:321:6: warning: unused variable 'WriteBfrPtr' [-Wunused-variable]
  u8 *WriteBfrPtr = InstancePtr->WriteBufPtr;
      ^~~~~~~~~~~
xilisf_erase.c:320:5: warning: unused variable 'ReadFlagSRCmd' [-Wunused-variable]
  u8 ReadFlagSRCmd[] = {READ_FLAG_STATUS_CMD, 0};
     ^~~~~~~~~~~~~
xilisf_erase.c:319:5: warning: unused variable 'ReadStatusCmdBuf' [-Wunused-variable]
  u8 ReadStatusCmdBuf[] = { READ_STATUS_CMD, 0 };
     ^~~~~~~~~~~~~~~~
xilisf_erase.c:318:5: warning: unused variable 'FlashStatus' [-Wunused-variable]
  u8 FlashStatus[2] = {0};
     ^~~~~~~~~~~
xilisf_erase.c:317:5: warning: unused variable 'FlagStatus' [-Wunused-variable]
  u8 FlagStatus[2] = {0};
     ^~~~~~~~~~
xilisf_erase.c:314:6: warning: unused variable 'BankSel' [-Wunused-variable]
  u32 BankSel;
      ^~~~~~~
xilisf_erase.c:313:5: warning: unused variable 'Mode' [-Wunused-variable]
  u8 Mode;
     ^~~~
xilisf_erase.c: In function 'SubSectorErase':
xilisf_erase.c:566:14: warning: unused variable 'ReadStatusCmd' [-Wunused-variable]
  u8 FSRFlag, ReadStatusCmd;
              ^~~~~~~~~~~~~
xilisf_erase.c:566:5: warning: unused variable 'FSRFlag' [-Wunused-variable]
  u8 FSRFlag, ReadStatusCmd;
     ^~~~~~~
xilisf_erase.c:565:6: warning: unused variable 'WriteBfrPtr' [-Wunused-variable]
  u8 *WriteBfrPtr = InstancePtr->WriteBufPtr;
      ^~~~~~~~~~~
xilisf_erase.c:564:5: warning: unused variable 'ReadFlagSRCmd' [-Wunused-variable]
  u8 ReadFlagSRCmd[] = {READ_FLAG_STATUS_CMD, 0};
     ^~~~~~~~~~~~~
xilisf_erase.c:563:5: warning: unused variable 'ReadStatusCmdBuf' [-Wunused-variable]
  u8 ReadStatusCmdBuf[] = { READ_STATUS_CMD, 0 };
     ^~~~~~~~~~~~~~~~
xilisf_erase.c:562:5: warning: unused variable 'FlashStatus' [-Wunused-variable]
  u8 FlashStatus[2] = {0};
     ^~~~~~~~~~~
xilisf_erase.c:561:5: warning: unused variable 'FlagStatus' [-Wunused-variable]
  u8 FlagStatus[2] = {0};
     ^~~~~~~~~~
xilisf_erase.c:560:6: warning: unused variable 'NULLPtr' [-Wunused-variable]
  u8* NULLPtr = NULL;
      ^~~~~~~
xilisf_erase.c:559:6: warning: unused variable 'RealAddr' [-Wunused-variable]
  u32 RealAddr;
      ^~~~~~~~
xilisf_erase.c:558:6: warning: unused variable 'BankSel' [-Wunused-variable]
  u32 BankSel;
      ^~~~~~~
xilisf_erase.c:557:5: warning: unused variable 'Mode' [-Wunused-variable]
  u8 Mode;
     ^~~~
xilisf_erase.c:554:50: warning: unused parameter 'Address' [-Wunused-parameter]
 static int SubSectorErase(XIsf *InstancePtr, u32 Address)
                                                  ^~~~~~~
xilisf_erase.c: In function 'BulkErase':
xilisf_erase.c:798:6: warning: unused variable 'NULLPtr' [-Wunused-variable]
  u8* NULLPtr = NULL;
      ^~~~~~~
xilisf_erase.c:795:28: warning: unused parameter 'InstancePtr' [-Wunused-parameter]
 static int BulkErase(XIsf *InstancePtr)
                            ^~~~~~~~~~~
xilisf_spr.c: In function 'SprRead':
xilisf_spr.c:210:23: warning: comparison between signed and unsigned integer expressions [-Wsign-compare]
  for(Index = 1; Index < (InstancePtr->NumOfSectors +
                       ^
xilisf_spr.c: In function 'SprProgram':
xilisf_spr.c:270:23: warning: comparison between signed and unsigned integer expressions [-Wsign-compare]
  for(Index = 4; Index < (InstancePtr->NumOfSectors +
                       ^
Running Make libs in microblaze_0/libsrc/spi_v4_3/src
make -C microblaze_0/libsrc/spi_v4_3/src -s libs  "SHELL=/bin/sh" "COMPILER=mb-gcc" "ARCHIVER=mb-ar" "COMPILER_FLAGS= -O2 -c -mcpu=v10.0 -mlittle-endian -mxl-soft-mul" "EXTRA_COMPILER_FLAGS=-ffunction-sections -fdata-sections -Wall -Wextra"
Compiling spi
Running Make libs in microblaze_0/libsrc/uartlite_v3_2/src
make -C microblaze_0/libsrc/uartlite_v3_2/src -s libs  "SHELL=/bin/sh" "COMPILER=mb-gcc" "ARCHIVER=mb-ar" "COMPILER_FLAGS= -O2 -c -mcpu=v10.0 -mlittle-endian -mxl-soft-mul" "EXTRA_COMPILER_FLAGS=-ffunction-sections -fdata-sections -Wall -Wextra"
Compiling uartlite
Running Make libs in microblaze_0/libsrc/bram_v4_2/src
make -C microblaze_0/libsrc/bram_v4_2/src -s libs  "SHELL=/bin/sh" "COMPILER=mb-gcc" "ARCHIVER=mb-ar" "COMPILER_FLAGS= -O2 -c -mcpu=v10.0 -mlittle-endian -mxl-soft-mul" "EXTRA_COMPILER_FLAGS=-ffunction-sections -fdata-sections -Wall -Wextra"
Compiling bram
Running Make libs in microblaze_0/libsrc/gpio_v4_3/src
make -C microblaze_0/libsrc/gpio_v4_3/src -s libs  "SHELL=/bin/sh" "COMPILER=mb-gcc" "ARCHIVER=mb-ar" "COMPILER_FLAGS= -O2 -c -mcpu=v10.0 -mlittle-endian -mxl-soft-mul" "EXTRA_COMPILER_FLAGS=-ffunction-sections -fdata-sections -Wall -Wextra"
Compiling gpio
Running Make libs in microblaze_0/libsrc/tmrctr_v4_4/src
make -C microblaze_0/libsrc/tmrctr_v4_4/src -s libs  "SHELL=/bin/sh" "COMPILER=mb-gcc" "ARCHIVER=mb-ar" "COMPILER_FLAGS= -O2 -c -mcpu=v10.0 -mlittle-endian -mxl-soft-mul" "EXTRA_COMPILER_FLAGS=-ffunction-sections -fdata-sections -Wall -Wextra"
Compiling tmrctr
Finished building libraries
19:17:41 **** Build of configuration Debug for project bootloader ****
make all 
Building file: ../src/bootloader.c
Invoking: MicroBlaze gcc compiler
mb-gcc -Wall -O0 -g3 -c -fmessage-length=0 -MT"src/bootloader.o" -I../../bootloader_bsp/microblaze_0/include -mlittle-endian -mcpu=v10.0 -mxl-soft-mul -Wl,--no-relax -ffunction-sections -fdata-sections -MMD -MP -MF"src/bootloader.d" -MT"src/bootloader.o" -o "src/bootloader.o" "../src/bootloader.c"
In file included from ../src/bootloader.c:37:0:
../src/blconfig.h:32:2: warning: #warning "Please provide the correct address value for the definition FLASH_IMAGE_BASEADDR. Please give the flash offset @ which SREC application is programmed" [-Wcpp]
 #warning "Please provide the correct address value for the definition FLASH_IMAGE_BASEADDR. Please give the flash offset @ which SREC application is programmed"
  ^~~~~~~
../src/bootloader.c:56:2: warning: #warning "Set your Device ID here, as defined in xparameters.h" [-Wcpp]
 #warning "Set your Device ID here, as defined in xparameters.h"
  ^~~~~~~
../src/bootloader.c:135:5: warning: pointer targets in initialization differ in signedness [-Wpointer-sign]
     "",
     ^~
../src/bootloader.c:135:5: note: (near initialization for 'errors[0]')
../src/bootloader.c:136:5: warning: pointer targets in initialization differ in signedness [-Wpointer-sign]
     "Error while copying executable image into RAM",
     ^~~~~~~~~~~~~~~~~~~~~~~~~~~~~~~~~~~~~~~~~~~~~~~
../src/bootloader.c:136:5: note: (near initialization for 'errors[1]')
../src/bootloader.c:137:5: warning: pointer targets in initialization differ in signedness [-Wpointer-sign]
     "Error while reading an SREC line from flash",
     ^~~~~~~~~~~~~~~~~~~~~~~~~~~~~~~~~~~~~~~~~~~~~
../src/bootloader.c:137:5: note: (near initialization for 'errors[2]')
../src/bootloader.c:138:5: warning: pointer targets in initialization differ in signedness [-Wpointer-sign]
     "SREC line is corrupted",
     ^~~~~~~~~~~~~~~~~~~~~~~~
../src/bootloader.c:138:5: note: (near initialization for 'errors[3]')
../src/bootloader.c:139:5: warning: pointer targets in initialization differ in signedness [-Wpointer-sign]
     "SREC has invalid checksum."
     ^~~~~~~~~~~~~~~~~~~~~~~~~~~~
../src/bootloader.c:139:5: note: (near initialization for 'errors[4]')
../src/bootloader.c: In function 'main':
../src/bootloader.c:202:16: warning: pointer targets in passing argument 1 of 'print' differ in signedness [-Wpointer-sign]
         print (errors[ret]);
                ^~~~~~
In file included from /home/daq/Xilinx/SDK/2017.4/gnu/microblaze/lin/microblaze-xilinx-elf/include/stdio.h:29:0,
                 from ../src/bootloader.c:34:
/home/daq/Xilinx/SDK/2017.4/gnu/microblaze/lin/microblaze-xilinx-elf/include/stdio.h:231:9: note: expected 'const char *' but argument is of type 'int8_t * {aka signed char *}'
 void    _EXFUN(print, (const char* ));
         ^
../src/bootloader.c:205:16: warning: pointer targets in passing argument 1 of 'print' differ in signedness [-Wpointer-sign]
         print (errors[ret]);
                ^~~~~~
In file included from /home/daq/Xilinx/SDK/2017.4/gnu/microblaze/lin/microblaze-xilinx-elf/include/stdio.h:29:0,
                 from ../src/bootloader.c:34:
/home/daq/Xilinx/SDK/2017.4/gnu/microblaze/lin/microblaze-xilinx-elf/include/stdio.h:231:9: note: expected 'const char *' but argument is of type 'int8_t * {aka signed char *}'
 void    _EXFUN(print, (const char* ));
         ^
../src/bootloader.c: In function 'flash_get_srec_line':
../src/bootloader.c:289:24: warning: assignment makes integer from pointer without a cast [-Wint-conversion]
      ReadParam.Address = flbuf++;
                        ^
../src/bootloader.c:328:6: warning: implicit declaration of function 'IsfWaitForFlashNotBusy' [-Wimplicit-function-declaration]
      IsfWaitForFlashNotBusy();
      ^~~~~~~~~~~~~~~~~~~~~~
../src/bootloader.c:334:28: warning: assignment makes integer from pointer without a cast [-Wint-conversion]
          ReadParam.Address = flbuf++;
                            ^
Finished building: ../src/bootloader.c
 
Building file: ../src/platform.c
Invoking: MicroBlaze gcc compiler
mb-gcc -Wall -O0 -g3 -c -fmessage-length=0 -MT"src/platform.o" -I../../bootloader_bsp/microblaze_0/include -mlittle-endian -mcpu=v10.0 -mxl-soft-mul -Wl,--no-relax -ffunction-sections -fdata-sections -MMD -MP -MF"src/platform.d" -MT"src/platform.o" -o "src/platform.o" "../src/platform.c"
Finished building: ../src/platform.c
 
Building file: ../src/srec.c
Invoking: MicroBlaze gcc compiler
mb-gcc -Wall -O0 -g3 -c -fmessage-length=0 -MT"src/srec.o" -I../../bootloader_bsp/microblaze_0/include -mlittle-endian -mcpu=v10.0 -mxl-soft-mul -Wl,--no-relax -ffunction-sections -fdata-sections -MMD -MP -MF"src/srec.d" -MT"src/srec.o" -o "src/srec.o" "../src/srec.c"
Finished building: ../src/srec.c
 
Building target: bootloader.elf
Invoking: MicroBlaze gcc linker
mb-gcc -Wl,-T -Wl,../src/lscript.ld -L../../bootloader_bsp/microblaze_0/lib -mlittle-endian -mcpu=v10.0 -mxl-soft-mul -Wl,--no-relax -Wl,--gc-sections -o "bootloader.elf"  ./src/bootloader.o ./src/platform.o ./src/srec.o   -Wl,--start-group,-lxil,-lgcc,-lc,--end-group -Wl,--start-group,-lxilisf,-lxil,-lgcc,-lc,--end-group
Finished building target: bootloader.elf
 
Invoking: MicroBlaze Print Size
mb-size bootloader.elf  |tee "bootloader.elf.size"
   text	   data	    bss	    dec	    hex	filename
  14780	    312	   1932	  17024	   4280	bootloader.elf
Finished building: bootloader.elf.size
 
19:18:13 **** Auto Build of configuration Debug for project bootloader ****
make all 
Building file: ../src/bootloader.c
Invoking: MicroBlaze gcc compiler
mb-gcc -Wall -O0 -g3 -c -fmessage-length=0 -MT"src/bootloader.o" -I../../bootloader_bsp/microblaze_0/include -mlittle-endian -mcpu=v10.0 -mxl-soft-mul -Wl,--no-relax -ffunction-sections -fdata-sections -MMD -MP -MF"src/bootloader.d" -MT"src/bootloader.o" -o "src/bootloader.o" "../src/bootloader.c"
In file included from ../src/bootloader.c:37:0:
../src/blconfig.h:32:2: warning: #warning "Please provide the correct address value for the definition FLASH_IMAGE_BASEADDR. Please give the flash offset @ which SREC application is programmed" [-Wcpp]
 #warning "Please provide the correct address value for the definition FLASH_IMAGE_BASEADDR. Please give the flash offset @ which SREC application is programmed"
  ^~~~~~~
../src/bootloader.c:56:2: warning: #warning "Set your Device ID here, as defined in xparameters.h" [-Wcpp]
 #warning "Set your Device ID here, as defined in xparameters.h"
  ^~~~~~~
../src/bootloader.c:135:5: warning: pointer targets in initialization differ in signedness [-Wpointer-sign]
     "",
     ^~
../src/bootloader.c:135:5: note: (near initialization for 'errors[0]')
../src/bootloader.c:136:5: warning: pointer targets in initialization differ in signedness [-Wpointer-sign]
     "Error while copying executable image into RAM",
     ^~~~~~~~~~~~~~~~~~~~~~~~~~~~~~~~~~~~~~~~~~~~~~~
../src/bootloader.c:136:5: note: (near initialization for 'errors[1]')
../src/bootloader.c:137:5: warning: pointer targets in initialization differ in signedness [-Wpointer-sign]
     "Error while reading an SREC line from flash",
     ^~~~~~~~~~~~~~~~~~~~~~~~~~~~~~~~~~~~~~~~~~~~~
../src/bootloader.c:137:5: note: (near initialization for 'errors[2]')
../src/bootloader.c:138:5: warning: pointer targets in initialization differ in signedness [-Wpointer-sign]
     "SREC line is corrupted",
     ^~~~~~~~~~~~~~~~~~~~~~~~
../src/bootloader.c:138:5: note: (near initialization for 'errors[3]')
../src/bootloader.c:139:5: warning: pointer targets in initialization differ in signedness [-Wpointer-sign]
     "SREC has invalid checksum."
     ^~~~~~~~~~~~~~~~~~~~~~~~~~~~
../src/bootloader.c:139:5: note: (near initialization for 'errors[4]')
../src/bootloader.c: In function 'main':
../src/bootloader.c:202:16: warning: pointer targets in passing argument 1 of 'print' differ in signedness [-Wpointer-sign]
         print (errors[ret]);
                ^~~~~~
In file included from /home/daq/Xilinx/SDK/2017.4/gnu/microblaze/lin/microblaze-xilinx-elf/include/stdio.h:29:0,
                 from ../src/bootloader.c:34:
/home/daq/Xilinx/SDK/2017.4/gnu/microblaze/lin/microblaze-xilinx-elf/include/stdio.h:231:9: note: expected 'const char *' but argument is of type 'int8_t * {aka signed char *}'
 void    _EXFUN(print, (const char* ));
         ^
../src/bootloader.c:205:16: warning: pointer targets in passing argument 1 of 'print' differ in signedness [-Wpointer-sign]
         print (errors[ret]);
                ^~~~~~
In file included from /home/daq/Xilinx/SDK/2017.4/gnu/microblaze/lin/microblaze-xilinx-elf/include/stdio.h:29:0,
                 from ../src/bootloader.c:34:
/home/daq/Xilinx/SDK/2017.4/gnu/microblaze/lin/microblaze-xilinx-elf/include/stdio.h:231:9: note: expected 'const char *' but argument is of type 'int8_t * {aka signed char *}'
 void    _EXFUN(print, (const char* ));
         ^
../src/bootloader.c: In function 'flash_get_srec_line':
../src/bootloader.c:289:24: warning: assignment makes integer from pointer without a cast [-Wint-conversion]
      ReadParam.Address = flbuf++;
                        ^
../src/bootloader.c:328:6: warning: implicit declaration of function 'IsfWaitForFlashNotBusy' [-Wimplicit-function-declaration]
      IsfWaitForFlashNotBusy();
      ^~~~~~~~~~~~~~~~~~~~~~
../src/bootloader.c:334:28: warning: assignment makes integer from pointer without a cast [-Wint-conversion]
          ReadParam.Address = flbuf++;
                            ^
Finished building: ../src/bootloader.c
 
Building target: bootloader.elf
Invoking: MicroBlaze gcc linker
mb-gcc -Wl,-T -Wl,../src/lscript.ld -L../../bootloader_bsp/microblaze_0/lib -mlittle-endian -mcpu=v10.0 -mxl-soft-mul -Wl,--no-relax -Wl,--gc-sections -o "bootloader.elf"  ./src/bootloader.o ./src/platform.o ./src/srec.o   -Wl,--start-group,-lxil,-lgcc,-lc,--end-group -Wl,--start-group,-lxilisf,-lxil,-lgcc,-lc,--end-group
Finished building target: bootloader.elf
 
Invoking: MicroBlaze Print Size
mb-size bootloader.elf  |tee "bootloader.elf.size"
   text	   data	    bss	    dec	    hex	filename
  14780	    312	   1932	  17024	   4280	bootloader.elf
Finished building: bootloader.elf.size
 
19:18:51 **** Auto Build of project bootloader_bsp ****
make -k all 
Running Make include in microblaze_0/libsrc/cpu_v2_6/src
make -C microblaze_0/libsrc/cpu_v2_6/src -s include  "SHELL=/bin/sh" "COMPILER=mb-gcc" "ARCHIVER=mb-ar" "COMPILER_FLAGS= -O2 -c -mcpu=v10.0 -mlittle-endian -mxl-soft-mul" "EXTRA_COMPILER_FLAGS=-ffunction-sections -fdata-sections -Wall -Wextra"
Running Make include in microblaze_0/libsrc/standalone_v6_5/src
make -C microblaze_0/libsrc/standalone_v6_5/src -s include  "SHELL=/bin/sh" "COMPILER=mb-gcc" "ARCHIVER=mb-ar" "COMPILER_FLAGS= -O2 -c -mcpu=v10.0 -mlittle-endian -mxl-soft-mul" "EXTRA_COMPILER_FLAGS=-ffunction-sections -fdata-sections -Wall -Wextra"
Running Make include in microblaze_0/libsrc/xilisf_v5_9/src
make -C microblaze_0/libsrc/xilisf_v5_9/src -s include  "SHELL=/bin/sh" "COMPILER=mb-gcc" "ARCHIVER=mb-ar" "COMPILER_FLAGS= -O2 -c -mcpu=v10.0 -mlittle-endian -mxl-soft-mul" "EXTRA_COMPILER_FLAGS=-ffunction-sections -fdata-sections -Wall -Wextra"
Running Make include in microblaze_0/libsrc/spi_v4_3/src
make -C microblaze_0/libsrc/spi_v4_3/src -s include  "SHELL=/bin/sh" "COMPILER=mb-gcc" "ARCHIVER=mb-ar" "COMPILER_FLAGS= -O2 -c -mcpu=v10.0 -mlittle-endian -mxl-soft-mul" "EXTRA_COMPILER_FLAGS=-ffunction-sections -fdata-sections -Wall -Wextra"
Running Make include in microblaze_0/libsrc/uartlite_v3_2/src
make -C microblaze_0/libsrc/uartlite_v3_2/src -s include  "SHELL=/bin/sh" "COMPILER=mb-gcc" "ARCHIVER=mb-ar" "COMPILER_FLAGS= -O2 -c -mcpu=v10.0 -mlittle-endian -mxl-soft-mul" "EXTRA_COMPILER_FLAGS=-ffunction-sections -fdata-sections -Wall -Wextra"
Running Make include in microblaze_0/libsrc/bram_v4_2/src
make -C microblaze_0/libsrc/bram_v4_2/src -s include  "SHELL=/bin/sh" "COMPILER=mb-gcc" "ARCHIVER=mb-ar" "COMPILER_FLAGS= -O2 -c -mcpu=v10.0 -mlittle-endian -mxl-soft-mul" "EXTRA_COMPILER_FLAGS=-ffunction-sections -fdata-sections -Wall -Wextra"
Running Make include in microblaze_0/libsrc/gpio_v4_3/src
make -C microblaze_0/libsrc/gpio_v4_3/src -s include  "SHELL=/bin/sh" "COMPILER=mb-gcc" "ARCHIVER=mb-ar" "COMPILER_FLAGS= -O2 -c -mcpu=v10.0 -mlittle-endian -mxl-soft-mul" "EXTRA_COMPILER_FLAGS=-ffunction-sections -fdata-sections -Wall -Wextra"
Running Make include in microblaze_0/libsrc/tmrctr_v4_4/src
make -C microblaze_0/libsrc/tmrctr_v4_4/src -s include  "SHELL=/bin/sh" "COMPILER=mb-gcc" "ARCHIVER=mb-ar" "COMPILER_FLAGS= -O2 -c -mcpu=v10.0 -mlittle-endian -mxl-soft-mul" "EXTRA_COMPILER_FLAGS=-ffunction-sections -fdata-sections -Wall -Wextra"
Running Make libs in microblaze_0/libsrc/cpu_v2_6/src
make -C microblaze_0/libsrc/cpu_v2_6/src -s libs  "SHELL=/bin/sh" "COMPILER=mb-gcc" "ARCHIVER=mb-ar" "COMPILER_FLAGS= -O2 -c -mcpu=v10.0 -mlittle-endian -mxl-soft-mul" "EXTRA_COMPILER_FLAGS=-ffunction-sections -fdata-sections -Wall -Wextra"
Compiling cpu
mb-ar: creating ../../../lib/libxil.a
Running Make libs in microblaze_0/libsrc/standalone_v6_5/src
make -C microblaze_0/libsrc/standalone_v6_5/src -s libs  "SHELL=/bin/sh" "COMPILER=mb-gcc" "ARCHIVER=mb-ar" "COMPILER_FLAGS= -O2 -c -mcpu=v10.0 -mlittle-endian -mxl-soft-mul" "EXTRA_COMPILER_FLAGS=-ffunction-sections -fdata-sections -Wall -Wextra"
Compiling standalone
Running Make libs in microblaze_0/libsrc/xilisf_v5_9/src
make -C microblaze_0/libsrc/xilisf_v5_9/src -s libs  "SHELL=/bin/sh" "COMPILER=mb-gcc" "ARCHIVER=mb-ar" "COMPILER_FLAGS= -O2 -c -mcpu=v10.0 -mlittle-endian -mxl-soft-mul" "EXTRA_COMPILER_FLAGS=-ffunction-sections -fdata-sections -Wall -Wextra"
Compiling XilIsf Library
xilisf_read.c: In function 'ReadData':
xilisf_read.c:434:6: warning: unused variable 'TempByteCnt' [-Wunused-variable]
  u32 TempByteCnt = LocalByteCnt;
      ^~~~~~~~~~~
xilisf_read.c:430:5: warning: unused variable 'ShiftSize' [-Wunused-variable]
  u8 ShiftSize;
     ^~~~~~~~~
xilisf_read.c:429:6: warning: unused variable 'BufferIndex' [-Wunused-variable]
  u32 BufferIndex;
      ^~~~~~~~~~~
xilisf_read.c:425:6: warning: unused variable 'BankSel' [-Wunused-variable]
  u32 BankSel;
      ^~~~~~~
xilisf_read.c:424:5: warning: unused variable 'Mode' [-Wunused-variable]
  u8 Mode;
     ^~~~
xilisf_read.c: In function 'FastReadData':
xilisf_read.c:660:6: warning: unused variable 'TempByteCnt' [-Wunused-variable]
  u32 TempByteCnt = LocalByteCnt;
      ^~~~~~~~~~~
xilisf_read.c:656:5: warning: unused variable 'ShiftSize' [-Wunused-variable]
  u8 ShiftSize;
     ^~~~~~~~~
xilisf_read.c:655:6: warning: unused variable 'BufferIndex' [-Wunused-variable]
  u32 BufferIndex;
      ^~~~~~~~~~~
xilisf_read.c:652:6: warning: unused variable 'BankSel' [-Wunused-variable]
  u32 BankSel;
      ^~~~~~~
xilisf_read.c:649:5: warning: unused variable 'Mode' [-Wunused-variable]
  u8 Mode;
     ^~~~
xilisf.c: In function 'XIsf_RegisterInterface':
xilisf.c:1363:37: warning: assignment from incompatible pointer type [-Wincompatible-pointer-types]
  InstancePtr->XIsf_Iface_SetOptions = XSpi_SetOptions;
                                     ^
xilisf.c:1364:41: warning: assignment from incompatible pointer type [-Wincompatible-pointer-types]
  InstancePtr->XIsf_Iface_SetSlaveSelect = XSpi_SetSlaveSelect;
                                         ^
xilisf.c:1365:35: warning: assignment from incompatible pointer type [-Wincompatible-pointer-types]
  InstancePtr->XIsf_Iface_Transfer = XSpi_Transfer;
                                   ^
xilisf.c: In function 'GetRealAddr':
xilisf.c:2170:6: warning: unused variable 'LqspiCr' [-Wunused-variable]
  u32 LqspiCr;
      ^~~~~~~
xilisf.c:2168:29: warning: unused parameter 'QspiPtr' [-Wunused-parameter]
 u32 GetRealAddr(XIsf_Iface *QspiPtr, u32 Address)
                             ^~~~~~~
At top level:
xilisf.c:538:12: warning: 'XIsf_FCTIndex' defined but not used [-Wunused-variable]
 static u32 XIsf_FCTIndex;
            ^~~~~~~~~~~~~
xilisf_write.c: In function 'WriteData':
xilisf_write.c:451:5: warning: unused variable 'ReadFlagSRCmd' [-Wunused-variable]
  u8 ReadFlagSRCmd[] = {READ_FLAG_STATUS_CMD, 0};
     ^~~~~~~~~~~~~
xilisf_write.c:450:5: warning: unused variable 'ReadStatusCmdBuf' [-Wunused-variable]
  u8 ReadStatusCmdBuf[] = { READ_STATUS_CMD, 0 };
     ^~~~~~~~~~~~~~~~
xilisf_write.c:438:5: warning: unused variable 'FlashStatus' [-Wunused-variable]
  u8 FlashStatus[2] = {0};
     ^~~~~~~~~~~
xilisf_write.c:437:5: warning: unused variable 'FlagStatus' [-Wunused-variable]
  u8 FlagStatus[2] = {0};
     ^~~~~~~~~~
xilisf_write.c:434:6: warning: unused variable 'BankSel' [-Wunused-variable]
  u32 BankSel;
      ^~~~~~~
xilisf_write.c:432:5: warning: unused variable 'Mode' [-Wunused-variable]
  u8 Mode;
     ^~~~
xilisf_erase.c: In function 'SectorErase':
xilisf_erase.c:322:14: warning: unused variable 'ReadStatusCmd' [-Wunused-variable]
  u8 FSRFlag, ReadStatusCmd;
              ^~~~~~~~~~~~~
xilisf_erase.c:322:5: warning: unused variable 'FSRFlag' [-Wunused-variable]
  u8 FSRFlag, ReadStatusCmd;
     ^~~~~~~
xilisf_erase.c:321:6: warning: unused variable 'WriteBfrPtr' [-Wunused-variable]
  u8 *WriteBfrPtr = InstancePtr->WriteBufPtr;
      ^~~~~~~~~~~
xilisf_erase.c:320:5: warning: unused variable 'ReadFlagSRCmd' [-Wunused-variable]
  u8 ReadFlagSRCmd[] = {READ_FLAG_STATUS_CMD, 0};
     ^~~~~~~~~~~~~
xilisf_erase.c:319:5: warning: unused variable 'ReadStatusCmdBuf' [-Wunused-variable]
  u8 ReadStatusCmdBuf[] = { READ_STATUS_CMD, 0 };
     ^~~~~~~~~~~~~~~~
xilisf_erase.c:318:5: warning: unused variable 'FlashStatus' [-Wunused-variable]
  u8 FlashStatus[2] = {0};
     ^~~~~~~~~~~
xilisf_erase.c:317:5: warning: unused variable 'FlagStatus' [-Wunused-variable]
  u8 FlagStatus[2] = {0};
     ^~~~~~~~~~
xilisf_erase.c:314:6: warning: unused variable 'BankSel' [-Wunused-variable]
  u32 BankSel;
      ^~~~~~~
xilisf_erase.c:313:5: warning: unused variable 'Mode' [-Wunused-variable]
  u8 Mode;
     ^~~~
xilisf_erase.c: In function 'SubSectorErase':
xilisf_erase.c:566:14: warning: unused variable 'ReadStatusCmd' [-Wunused-variable]
  u8 FSRFlag, ReadStatusCmd;
              ^~~~~~~~~~~~~
xilisf_erase.c:566:5: warning: unused variable 'FSRFlag' [-Wunused-variable]
  u8 FSRFlag, ReadStatusCmd;
     ^~~~~~~
xilisf_erase.c:565:6: warning: unused variable 'WriteBfrPtr' [-Wunused-variable]
  u8 *WriteBfrPtr = InstancePtr->WriteBufPtr;
      ^~~~~~~~~~~
xilisf_erase.c:564:5: warning: unused variable 'ReadFlagSRCmd' [-Wunused-variable]
  u8 ReadFlagSRCmd[] = {READ_FLAG_STATUS_CMD, 0};
     ^~~~~~~~~~~~~
xilisf_erase.c:563:5: warning: unused variable 'ReadStatusCmdBuf' [-Wunused-variable]
  u8 ReadStatusCmdBuf[] = { READ_STATUS_CMD, 0 };
     ^~~~~~~~~~~~~~~~
xilisf_erase.c:562:5: warning: unused variable 'FlashStatus' [-Wunused-variable]
  u8 FlashStatus[2] = {0};
     ^~~~~~~~~~~
xilisf_erase.c:561:5: warning: unused variable 'FlagStatus' [-Wunused-variable]
  u8 FlagStatus[2] = {0};
     ^~~~~~~~~~
xilisf_erase.c:558:6: warning: unused variable 'BankSel' [-Wunused-variable]
  u32 BankSel;
      ^~~~~~~
xilisf_erase.c:557:5: warning: unused variable 'Mode' [-Wunused-variable]
  u8 Mode;
     ^~~~
Running Make libs in microblaze_0/libsrc/spi_v4_3/src
make -C microblaze_0/libsrc/spi_v4_3/src -s libs  "SHELL=/bin/sh" "COMPILER=mb-gcc" "ARCHIVER=mb-ar" "COMPILER_FLAGS= -O2 -c -mcpu=v10.0 -mlittle-endian -mxl-soft-mul" "EXTRA_COMPILER_FLAGS=-ffunction-sections -fdata-sections -Wall -Wextra"
Compiling spi
Running Make libs in microblaze_0/libsrc/uartlite_v3_2/src
make -C microblaze_0/libsrc/uartlite_v3_2/src -s libs  "SHELL=/bin/sh" "COMPILER=mb-gcc" "ARCHIVER=mb-ar" "COMPILER_FLAGS= -O2 -c -mcpu=v10.0 -mlittle-endian -mxl-soft-mul" "EXTRA_COMPILER_FLAGS=-ffunction-sections -fdata-sections -Wall -Wextra"
Compiling uartlite
Running Make libs in microblaze_0/libsrc/bram_v4_2/src
make -C microblaze_0/libsrc/bram_v4_2/src -s libs  "SHELL=/bin/sh" "COMPILER=mb-gcc" "ARCHIVER=mb-ar" "COMPILER_FLAGS= -O2 -c -mcpu=v10.0 -mlittle-endian -mxl-soft-mul" "EXTRA_COMPILER_FLAGS=-ffunction-sections -fdata-sections -Wall -Wextra"
Compiling bram
Running Make libs in microblaze_0/libsrc/gpio_v4_3/src
make -C microblaze_0/libsrc/gpio_v4_3/src -s libs  "SHELL=/bin/sh" "COMPILER=mb-gcc" "ARCHIVER=mb-ar" "COMPILER_FLAGS= -O2 -c -mcpu=v10.0 -mlittle-endian -mxl-soft-mul" "EXTRA_COMPILER_FLAGS=-ffunction-sections -fdata-sections -Wall -Wextra"
Compiling gpio
Running Make libs in microblaze_0/libsrc/tmrctr_v4_4/src
make -C microblaze_0/libsrc/tmrctr_v4_4/src -s libs  "SHELL=/bin/sh" "COMPILER=mb-gcc" "ARCHIVER=mb-ar" "COMPILER_FLAGS= -O2 -c -mcpu=v10.0 -mlittle-endian -mxl-soft-mul" "EXTRA_COMPILER_FLAGS=-ffunction-sections -fdata-sections -Wall -Wextra"
Compiling tmrctr
Finished building libraries
19:18:54 **** Auto Build of configuration Debug for project bootloader ****
make all 
Building file: ../src/bootloader.c
Invoking: MicroBlaze gcc compiler
mb-gcc -Wall -O0 -g3 -c -fmessage-length=0 -MT"src/bootloader.o" -I../../bootloader_bsp/microblaze_0/include -mlittle-endian -mcpu=v10.0 -mxl-soft-mul -Wl,--no-relax -ffunction-sections -fdata-sections -MMD -MP -MF"src/bootloader.d" -MT"src/bootloader.o" -o "src/bootloader.o" "../src/bootloader.c"
In file included from ../src/bootloader.c:37:0:
../src/blconfig.h:32:2: warning: #warning "Please provide the correct address value for the definition FLASH_IMAGE_BASEADDR. Please give the flash offset @ which SREC application is programmed" [-Wcpp]
 #warning "Please provide the correct address value for the definition FLASH_IMAGE_BASEADDR. Please give the flash offset @ which SREC application is programmed"
  ^~~~~~~
../src/bootloader.c:56:2: warning: #warning "Set your Device ID here, as defined in xparameters.h" [-Wcpp]
 #warning "Set your Device ID here, as defined in xparameters.h"
  ^~~~~~~
../src/bootloader.c:135:5: warning: pointer targets in initialization differ in signedness [-Wpointer-sign]
     "",
     ^~
../src/bootloader.c:135:5: note: (near initialization for 'errors[0]')
../src/bootloader.c:136:5: warning: pointer targets in initialization differ in signedness [-Wpointer-sign]
     "Error while copying executable image into RAM",
     ^~~~~~~~~~~~~~~~~~~~~~~~~~~~~~~~~~~~~~~~~~~~~~~
../src/bootloader.c:136:5: note: (near initialization for 'errors[1]')
../src/bootloader.c:137:5: warning: pointer targets in initialization differ in signedness [-Wpointer-sign]
     "Error while reading an SREC line from flash",
     ^~~~~~~~~~~~~~~~~~~~~~~~~~~~~~~~~~~~~~~~~~~~~
../src/bootloader.c:137:5: note: (near initialization for 'errors[2]')
../src/bootloader.c:138:5: warning: pointer targets in initialization differ in signedness [-Wpointer-sign]
     "SREC line is corrupted",
     ^~~~~~~~~~~~~~~~~~~~~~~~
../src/bootloader.c:138:5: note: (near initialization for 'errors[3]')
../src/bootloader.c:139:5: warning: pointer targets in initialization differ in signedness [-Wpointer-sign]
     "SREC has invalid checksum."
     ^~~~~~~~~~~~~~~~~~~~~~~~~~~~
../src/bootloader.c:139:5: note: (near initialization for 'errors[4]')
../src/bootloader.c: In function 'main':
../src/bootloader.c:202:16: warning: pointer targets in passing argument 1 of 'print' differ in signedness [-Wpointer-sign]
         print (errors[ret]);
                ^~~~~~
In file included from /home/daq/Xilinx/SDK/2017.4/gnu/microblaze/lin/microblaze-xilinx-elf/include/stdio.h:29:0,
                 from ../src/bootloader.c:34:
/home/daq/Xilinx/SDK/2017.4/gnu/microblaze/lin/microblaze-xilinx-elf/include/stdio.h:231:9: note: expected 'const char *' but argument is of type 'int8_t * {aka signed char *}'
 void    _EXFUN(print, (const char* ));
         ^
../src/bootloader.c:205:16: warning: pointer targets in passing argument 1 of 'print' differ in signedness [-Wpointer-sign]
         print (errors[ret]);
                ^~~~~~
In file included from /home/daq/Xilinx/SDK/2017.4/gnu/microblaze/lin/microblaze-xilinx-elf/include/stdio.h:29:0,
                 from ../src/bootloader.c:34:
/home/daq/Xilinx/SDK/2017.4/gnu/microblaze/lin/microblaze-xilinx-elf/include/stdio.h:231:9: note: expected 'const char *' but argument is of type 'int8_t * {aka signed char *}'
 void    _EXFUN(print, (const char* ));
         ^
../src/bootloader.c: In function 'flash_get_srec_line':
../src/bootloader.c:289:24: warning: assignment makes integer from pointer without a cast [-Wint-conversion]
      ReadParam.Address = flbuf++;
                        ^
../src/bootloader.c:309:13: warning: implicit declaration of function 'IsfWaitForFlashNotBusy' [-Wimplicit-function-declaration]
    Status = IsfWaitForFlashNotBusy();
             ^~~~~~~~~~~~~~~~~~~~~~
../src/bootloader.c:334:28: warning: assignment makes integer from pointer without a cast [-Wint-conversion]
          ReadParam.Address = flbuf++;
                            ^
Finished building: ../src/bootloader.c
 
Building file: ../src/platform.c
Invoking: MicroBlaze gcc compiler
mb-gcc -Wall -O0 -g3 -c -fmessage-length=0 -MT"src/platform.o" -I../../bootloader_bsp/microblaze_0/include -mlittle-endian -mcpu=v10.0 -mxl-soft-mul -Wl,--no-relax -ffunction-sections -fdata-sections -MMD -MP -MF"src/platform.d" -MT"src/platform.o" -o "src/platform.o" "../src/platform.c"
Finished building: ../src/platform.c
 
Building target: bootloader.elf
Invoking: MicroBlaze gcc linker
mb-gcc -Wl,-T -Wl,../src/lscript.ld -L../../bootloader_bsp/microblaze_0/lib -mlittle-endian -mcpu=v10.0 -mxl-soft-mul -Wl,--no-relax -Wl,--gc-sections -o "bootloader.elf"  ./src/bootloader.o ./src/platform.o ./src/srec.o   -Wl,--start-group,-lxil,-lgcc,-lc,--end-group -Wl,--start-group,-lxilisf,-lxil,-lgcc,-lc,--end-group
Finished building target: bootloader.elf
 
Invoking: MicroBlaze Print Size
mb-size bootloader.elf  |tee "bootloader.elf.size"
   text	   data	    bss	    dec	    hex	filename
  15612	    312	   1932	  17856	   45c0	bootloader.elf
Finished building: bootloader.elf.size
 
19:19:51 **** Build of project ARTY_firmware_bsp ****
make -k all 
Running Make include in microblaze_0/libsrc/cpu_v2_6/src
make -C microblaze_0/libsrc/cpu_v2_6/src -s include  "SHELL=/bin/sh" "COMPILER=mb-gcc" "ARCHIVER=mb-ar" "COMPILER_FLAGS= -O2 -c -mcpu=v10.0 -mlittle-endian -mxl-soft-mul" "EXTRA_COMPILER_FLAGS=-ffunction-sections -fdata-sections -Wall -Wextra"
Running Make include in microblaze_0/libsrc/standalone_v6_5/src
make -C microblaze_0/libsrc/standalone_v6_5/src -s include  "SHELL=/bin/sh" "COMPILER=mb-gcc" "ARCHIVER=mb-ar" "COMPILER_FLAGS= -O2 -c -mcpu=v10.0 -mlittle-endian -mxl-soft-mul" "EXTRA_COMPILER_FLAGS=-ffunction-sections -fdata-sections -Wall -Wextra"
Running Make include in microblaze_0/libsrc/spi_v4_3/src
make -C microblaze_0/libsrc/spi_v4_3/src -s include  "SHELL=/bin/sh" "COMPILER=mb-gcc" "ARCHIVER=mb-ar" "COMPILER_FLAGS= -O2 -c -mcpu=v10.0 -mlittle-endian -mxl-soft-mul" "EXTRA_COMPILER_FLAGS=-ffunction-sections -fdata-sections -Wall -Wextra"
Running Make include in microblaze_0/libsrc/uartlite_v3_2/src
make -C microblaze_0/libsrc/uartlite_v3_2/src -s include  "SHELL=/bin/sh" "COMPILER=mb-gcc" "ARCHIVER=mb-ar" "COMPILER_FLAGS= -O2 -c -mcpu=v10.0 -mlittle-endian -mxl-soft-mul" "EXTRA_COMPILER_FLAGS=-ffunction-sections -fdata-sections -Wall -Wextra"
Running Make include in microblaze_0/libsrc/bram_v4_2/src
make -C microblaze_0/libsrc/bram_v4_2/src -s include  "SHELL=/bin/sh" "COMPILER=mb-gcc" "ARCHIVER=mb-ar" "COMPILER_FLAGS= -O2 -c -mcpu=v10.0 -mlittle-endian -mxl-soft-mul" "EXTRA_COMPILER_FLAGS=-ffunction-sections -fdata-sections -Wall -Wextra"
Running Make include in microblaze_0/libsrc/gpio_v4_3/src
make -C microblaze_0/libsrc/gpio_v4_3/src -s include  "SHELL=/bin/sh" "COMPILER=mb-gcc" "ARCHIVER=mb-ar" "COMPILER_FLAGS= -O2 -c -mcpu=v10.0 -mlittle-endian -mxl-soft-mul" "EXTRA_COMPILER_FLAGS=-ffunction-sections -fdata-sections -Wall -Wextra"
Running Make include in microblaze_0/libsrc/tmrctr_v4_4/src
make -C microblaze_0/libsrc/tmrctr_v4_4/src -s include  "SHELL=/bin/sh" "COMPILER=mb-gcc" "ARCHIVER=mb-ar" "COMPILER_FLAGS= -O2 -c -mcpu=v10.0 -mlittle-endian -mxl-soft-mul" "EXTRA_COMPILER_FLAGS=-ffunction-sections -fdata-sections -Wall -Wextra"
Running Make libs in microblaze_0/libsrc/cpu_v2_6/src
make -C microblaze_0/libsrc/cpu_v2_6/src -s libs  "SHELL=/bin/sh" "COMPILER=mb-gcc" "ARCHIVER=mb-ar" "COMPILER_FLAGS= -O2 -c -mcpu=v10.0 -mlittle-endian -mxl-soft-mul" "EXTRA_COMPILER_FLAGS=-ffunction-sections -fdata-sections -Wall -Wextra"
Compiling cpu
mb-ar: creating ../../../lib/libxil.a
Running Make libs in microblaze_0/libsrc/standalone_v6_5/src
make -C microblaze_0/libsrc/standalone_v6_5/src -s libs  "SHELL=/bin/sh" "COMPILER=mb-gcc" "ARCHIVER=mb-ar" "COMPILER_FLAGS= -O2 -c -mcpu=v10.0 -mlittle-endian -mxl-soft-mul" "EXTRA_COMPILER_FLAGS=-ffunction-sections -fdata-sections -Wall -Wextra"
Compiling standalone
Running Make libs in microblaze_0/libsrc/spi_v4_3/src
make -C microblaze_0/libsrc/spi_v4_3/src -s libs  "SHELL=/bin/sh" "COMPILER=mb-gcc" "ARCHIVER=mb-ar" "COMPILER_FLAGS= -O2 -c -mcpu=v10.0 -mlittle-endian -mxl-soft-mul" "EXTRA_COMPILER_FLAGS=-ffunction-sections -fdata-sections -Wall -Wextra"
Compiling spi
Running Make libs in microblaze_0/libsrc/uartlite_v3_2/src
make -C microblaze_0/libsrc/uartlite_v3_2/src -s libs  "SHELL=/bin/sh" "COMPILER=mb-gcc" "ARCHIVER=mb-ar" "COMPILER_FLAGS= -O2 -c -mcpu=v10.0 -mlittle-endian -mxl-soft-mul" "EXTRA_COMPILER_FLAGS=-ffunction-sections -fdata-sections -Wall -Wextra"
Compiling uartlite
Running Make libs in microblaze_0/libsrc/bram_v4_2/src
make -C microblaze_0/libsrc/bram_v4_2/src -s libs  "SHELL=/bin/sh" "COMPILER=mb-gcc" "ARCHIVER=mb-ar" "COMPILER_FLAGS= -O2 -c -mcpu=v10.0 -mlittle-endian -mxl-soft-mul" "EXTRA_COMPILER_FLAGS=-ffunction-sections -fdata-sections -Wall -Wextra"
Compiling bram
Running Make libs in microblaze_0/libsrc/gpio_v4_3/src
make -C microblaze_0/libsrc/gpio_v4_3/src -s libs  "SHELL=/bin/sh" "COMPILER=mb-gcc" "ARCHIVER=mb-ar" "COMPILER_FLAGS= -O2 -c -mcpu=v10.0 -mlittle-endian -mxl-soft-mul" "EXTRA_COMPILER_FLAGS=-ffunction-sections -fdata-sections -Wall -Wextra"
Compiling gpio
Running Make libs in microblaze_0/libsrc/tmrctr_v4_4/src
make -C microblaze_0/libsrc/tmrctr_v4_4/src -s libs  "SHELL=/bin/sh" "COMPILER=mb-gcc" "ARCHIVER=mb-ar" "COMPILER_FLAGS= -O2 -c -mcpu=v10.0 -mlittle-endian -mxl-soft-mul" "EXTRA_COMPILER_FLAGS=-ffunction-sections -fdata-sections -Wall -Wextra"
Compiling tmrctr
Finished building libraries

**** Build of configuration Debug for project ARTY_firmware ****

Nothing to build for project ARTY_firmware
19:20:19 **** Auto Build of configuration Debug for project ARTY_firmware ****
make all 
Building file: ../src/ARTY_firmware.c
Invoking: MicroBlaze gcc compiler
mb-gcc -Wall -O0 -g3 -c -fmessage-length=0 -MT"src/ARTY_firmware.o" -I../../ARTY_firmware_bsp/microblaze_0/include -mlittle-endian -mcpu=v10.0 -mxl-soft-mul -Wl,--no-relax -ffunction-sections -fdata-sections -MMD -MP -MF"src/ARTY_firmware.d" -MT"src/ARTY_firmware.o" -o "src/ARTY_firmware.o" "../src/ARTY_firmware.c"
Finished building: ../src/ARTY_firmware.c
 
Building target: ARTY_firmware.elf
Invoking: MicroBlaze gcc linker
mb-gcc -Wl,-T -Wl,../src/lscript.ld -L../../ARTY_firmware_bsp/microblaze_0/lib -mlittle-endian -mcpu=v10.0 -mxl-soft-mul -Wl,--no-relax -Wl,--gc-sections -o "ARTY_firmware.elf"  ./src/ARTY_firmware.o   -Wl,--start-group,-lxil,-lgcc,-lc,--end-group
/home/daq/Xilinx/SDK/2017.4/gnu/microblaze/lin/bin/../lib/gcc/microblaze-xilinx-elf/6.2.0/../../../../microblaze-xilinx-elf/lib/le/crtinit.o: In function `_crtinit':
(.text+0x78): undefined reference to `main'
collect2: error: ld returned 1 exit status
makefile:36: recipe for target 'ARTY_firmware.elf' failed
make: *** [ARTY_firmware.elf] Error 1
19:23:01 **** Clean-only build of configuration Debug for project ARTY_firmware ****
make clean 
rm -rf  ./src/ARTY_firmware.o  ./src/ARTY_firmware.d  ARTY_firmware.elf.size  ARTY_firmware.elf
 
19:23:01 **** Auto Build of configuration Debug for project ARTY_firmware ****
make all 
Building file: ../src/ARTY_firmware.c
Invoking: MicroBlaze gcc compiler
mb-gcc -Wall -O0 -g3 -c -fmessage-length=0 -MT"src/ARTY_firmware.o" -I../../ARTY_firmware_bsp/microblaze_0/include -mlittle-endian -mcpu=v10.0 -mxl-soft-mul -Wl,--no-relax -ffunction-sections -fdata-sections -MMD -MP -MF"src/ARTY_firmware.d" -MT"src/ARTY_firmware.o" -o "src/ARTY_firmware.o" "../src/ARTY_firmware.c"
Finished building: ../src/ARTY_firmware.c
 
Building target: ARTY_firmware.elf
Invoking: MicroBlaze gcc linker
mb-gcc -Wl,-T -Wl,../src/lscript.ld -L../../ARTY_firmware_bsp/microblaze_0/lib -mlittle-endian -mcpu=v10.0 -mxl-soft-mul -Wl,--no-relax -Wl,--gc-sections -o "ARTY_firmware.elf"  ./src/ARTY_firmware.o   -Wl,--start-group,-lxil,-lgcc,-lc,--end-group
/home/daq/Xilinx/SDK/2017.4/gnu/microblaze/lin/bin/../lib/gcc/microblaze-xilinx-elf/6.2.0/../../../../microblaze-xilinx-elf/lib/le/crtinit.o: In function `_crtinit':
(.text+0x78): undefined reference to `main'
collect2: error: ld returned 1 exit status
makefile:36: recipe for target 'ARTY_firmware.elf' failed
make: *** [ARTY_firmware.elf] Error 1
19:28:13 **** Build of project ARTY_firmware_bsp ****
make -k all 
Running Make include in ps7_cortexa9_0/libsrc/dmaps_v2_3/src
make -C ps7_cortexa9_0/libsrc/dmaps_v2_3/src -s include  "SHELL=/bin/sh" "COMPILER=arm-none-eabi-gcc" "ARCHIVER=arm-none-eabi-ar" "COMPILER_FLAGS=  -O2 -c" "EXTRA_COMPILER_FLAGS=-mcpu=cortex-a9 -mfpu=vfpv3 -mfloat-abi=hard -nostartfiles -Wall -Wextra"
Running Make include in ps7_cortexa9_0/libsrc/ddrps_v1_0/src
make -C ps7_cortexa9_0/libsrc/ddrps_v1_0/src -s include  "SHELL=/bin/sh" "COMPILER=arm-none-eabi-gcc" "ARCHIVER=arm-none-eabi-ar" "COMPILER_FLAGS=  -O2 -c" "EXTRA_COMPILER_FLAGS=-mcpu=cortex-a9 -mfpu=vfpv3 -mfloat-abi=hard -nostartfiles -Wall -Wextra"
Running Make include in ps7_cortexa9_0/libsrc/qspips_v3_4/src
make -C ps7_cortexa9_0/libsrc/qspips_v3_4/src -s include  "SHELL=/bin/sh" "COMPILER=arm-none-eabi-gcc" "ARCHIVER=arm-none-eabi-ar" "COMPILER_FLAGS=  -O2 -c" "EXTRA_COMPILER_FLAGS=-mcpu=cortex-a9 -mfpu=vfpv3 -mfloat-abi=hard -nostartfiles -Wall -Wextra"
Running Make include in ps7_cortexa9_0/libsrc/gpiops_v3_3/src
make -C ps7_cortexa9_0/libsrc/gpiops_v3_3/src -s include  "SHELL=/bin/sh" "COMPILER=arm-none-eabi-gcc" "ARCHIVER=arm-none-eabi-ar" "COMPILER_FLAGS=  -O2 -c" "EXTRA_COMPILER_FLAGS=-mcpu=cortex-a9 -mfpu=vfpv3 -mfloat-abi=hard -nostartfiles -Wall -Wextra"
Running Make include in ps7_cortexa9_0/libsrc/scugic_v3_8/src
make -C ps7_cortexa9_0/libsrc/scugic_v3_8/src -s include  "SHELL=/bin/sh" "COMPILER=arm-none-eabi-gcc" "ARCHIVER=arm-none-eabi-ar" "COMPILER_FLAGS=  -O2 -c" "EXTRA_COMPILER_FLAGS=-mcpu=cortex-a9 -mfpu=vfpv3 -mfloat-abi=hard -nostartfiles -Wall -Wextra"
Running Make include in ps7_cortexa9_0/libsrc/sdps_v3_3/src
make -C ps7_cortexa9_0/libsrc/sdps_v3_3/src -s include  "SHELL=/bin/sh" "COMPILER=arm-none-eabi-gcc" "ARCHIVER=arm-none-eabi-ar" "COMPILER_FLAGS=  -O2 -c" "EXTRA_COMPILER_FLAGS=-mcpu=cortex-a9 -mfpu=vfpv3 -mfloat-abi=hard -nostartfiles -Wall -Wextra"
Running Make include in ps7_cortexa9_0/libsrc/standalone_v6_5/src
make -C ps7_cortexa9_0/libsrc/standalone_v6_5/src -s include  "SHELL=/bin/sh" "COMPILER=arm-none-eabi-gcc" "ARCHIVER=arm-none-eabi-ar" "COMPILER_FLAGS=  -O2 -c" "EXTRA_COMPILER_FLAGS=-mcpu=cortex-a9 -mfpu=vfpv3 -mfloat-abi=hard -nostartfiles -Wall -Wextra"
Running Make include in ps7_cortexa9_0/libsrc/cpu_cortexa9_v2_5/src
make -C ps7_cortexa9_0/libsrc/cpu_cortexa9_v2_5/src -s include  "SHELL=/bin/sh" "COMPILER=arm-none-eabi-gcc" "ARCHIVER=arm-none-eabi-ar" "COMPILER_FLAGS=  -O2 -c" "EXTRA_COMPILER_FLAGS=-mcpu=cortex-a9 -mfpu=vfpv3 -mfloat-abi=hard -nostartfiles -Wall -Wextra"
Running Make include in ps7_cortexa9_0/libsrc/canps_v3_2/src
make -C ps7_cortexa9_0/libsrc/canps_v3_2/src -s include  "SHELL=/bin/sh" "COMPILER=arm-none-eabi-gcc" "ARCHIVER=arm-none-eabi-ar" "COMPILER_FLAGS=  -O2 -c" "EXTRA_COMPILER_FLAGS=-mcpu=cortex-a9 -mfpu=vfpv3 -mfloat-abi=hard -nostartfiles -Wall -Wextra"
Running Make include in ps7_cortexa9_0/libsrc/xadcps_v2_2/src
make -C ps7_cortexa9_0/libsrc/xadcps_v2_2/src -s include  "SHELL=/bin/sh" "COMPILER=arm-none-eabi-gcc" "ARCHIVER=arm-none-eabi-ar" "COMPILER_FLAGS=  -O2 -c" "EXTRA_COMPILER_FLAGS=-mcpu=cortex-a9 -mfpu=vfpv3 -mfloat-abi=hard -nostartfiles -Wall -Wextra"
Running Make include in ps7_cortexa9_0/libsrc/ttcps_v3_5/src
make -C ps7_cortexa9_0/libsrc/ttcps_v3_5/src -s include  "SHELL=/bin/sh" "COMPILER=arm-none-eabi-gcc" "ARCHIVER=arm-none-eabi-ar" "COMPILER_FLAGS=  -O2 -c" "EXTRA_COMPILER_FLAGS=-mcpu=cortex-a9 -mfpu=vfpv3 -mfloat-abi=hard -nostartfiles -Wall -Wextra"
Running Make include in ps7_cortexa9_0/libsrc/devcfg_v3_5/src
make -C ps7_cortexa9_0/libsrc/devcfg_v3_5/src -s include  "SHELL=/bin/sh" "COMPILER=arm-none-eabi-gcc" "ARCHIVER=arm-none-eabi-ar" "COMPILER_FLAGS=  -O2 -c" "EXTRA_COMPILER_FLAGS=-mcpu=cortex-a9 -mfpu=vfpv3 -mfloat-abi=hard -nostartfiles -Wall -Wextra"
Running Make include in ps7_cortexa9_0/libsrc/iicps_v3_5/src
make -C ps7_cortexa9_0/libsrc/iicps_v3_5/src -s include  "SHELL=/bin/sh" "COMPILER=arm-none-eabi-gcc" "ARCHIVER=arm-none-eabi-ar" "COMPILER_FLAGS=  -O2 -c" "EXTRA_COMPILER_FLAGS=-mcpu=cortex-a9 -mfpu=vfpv3 -mfloat-abi=hard -nostartfiles -Wall -Wextra"
Running Make include in ps7_cortexa9_0/libsrc/scuwdt_v2_1/src
make -C ps7_cortexa9_0/libsrc/scuwdt_v2_1/src -s include  "SHELL=/bin/sh" "COMPILER=arm-none-eabi-gcc" "ARCHIVER=arm-none-eabi-ar" "COMPILER_FLAGS=  -O2 -c" "EXTRA_COMPILER_FLAGS=-mcpu=cortex-a9 -mfpu=vfpv3 -mfloat-abi=hard -nostartfiles -Wall -Wextra"
Running Make include in ps7_cortexa9_0/libsrc/emacps_v3_6/src
make -C ps7_cortexa9_0/libsrc/emacps_v3_6/src -s include  "SHELL=/bin/sh" "COMPILER=arm-none-eabi-gcc" "ARCHIVER=arm-none-eabi-ar" "COMPILER_FLAGS=  -O2 -c" "EXTRA_COMPILER_FLAGS=-mcpu=cortex-a9 -mfpu=vfpv3 -mfloat-abi=hard -nostartfiles -Wall -Wextra"
Running Make include in ps7_cortexa9_0/libsrc/usbps_v2_4/src
make -C ps7_cortexa9_0/libsrc/usbps_v2_4/src -s include  "SHELL=/bin/sh" "COMPILER=arm-none-eabi-gcc" "ARCHIVER=arm-none-eabi-ar" "COMPILER_FLAGS=  -O2 -c" "EXTRA_COMPILER_FLAGS=-mcpu=cortex-a9 -mfpu=vfpv3 -mfloat-abi=hard -nostartfiles -Wall -Wextra"
Running Make include in ps7_cortexa9_0/libsrc/coresightps_dcc_v1_4/src
make -C ps7_cortexa9_0/libsrc/coresightps_dcc_v1_4/src -s include  "SHELL=/bin/sh" "COMPILER=arm-none-eabi-gcc" "ARCHIVER=arm-none-eabi-ar" "COMPILER_FLAGS=  -O2 -c" "EXTRA_COMPILER_FLAGS=-mcpu=cortex-a9 -mfpu=vfpv3 -mfloat-abi=hard -nostartfiles -Wall -Wextra"
Running Make include in ps7_cortexa9_0/libsrc/uartps_v3_5/src
make -C ps7_cortexa9_0/libsrc/uartps_v3_5/src -s include  "SHELL=/bin/sh" "COMPILER=arm-none-eabi-gcc" "ARCHIVER=arm-none-eabi-ar" "COMPILER_FLAGS=  -O2 -c" "EXTRA_COMPILER_FLAGS=-mcpu=cortex-a9 -mfpu=vfpv3 -mfloat-abi=hard -nostartfiles -Wall -Wextra"
Running Make include in ps7_cortexa9_0/libsrc/scutimer_v2_1/src
make -C ps7_cortexa9_0/libsrc/scutimer_v2_1/src -s include  "SHELL=/bin/sh" "COMPILER=arm-none-eabi-gcc" "ARCHIVER=arm-none-eabi-ar" "COMPILER_FLAGS=  -O2 -c" "EXTRA_COMPILER_FLAGS=-mcpu=cortex-a9 -mfpu=vfpv3 -mfloat-abi=hard -nostartfiles -Wall -Wextra"
Running Make libs in ps7_cortexa9_0/libsrc/dmaps_v2_3/src
make -C ps7_cortexa9_0/libsrc/dmaps_v2_3/src -s libs  "SHELL=/bin/sh" "COMPILER=arm-none-eabi-gcc" "ARCHIVER=arm-none-eabi-ar" "COMPILER_FLAGS=  -O2 -c" "EXTRA_COMPILER_FLAGS=-mcpu=cortex-a9 -mfpu=vfpv3 -mfloat-abi=hard -nostartfiles -Wall -Wextra"
Compiling dmaps
arm-none-eabi-ar: creating ../../../lib/libxil.a
Running Make libs in ps7_cortexa9_0/libsrc/ddrps_v1_0/src
make -C ps7_cortexa9_0/libsrc/ddrps_v1_0/src -s libs  "SHELL=/bin/sh" "COMPILER=arm-none-eabi-gcc" "ARCHIVER=arm-none-eabi-ar" "COMPILER_FLAGS=  -O2 -c" "EXTRA_COMPILER_FLAGS=-mcpu=cortex-a9 -mfpu=vfpv3 -mfloat-abi=hard -nostartfiles -Wall -Wextra"
Compiling ddrps
Running Make libs in ps7_cortexa9_0/libsrc/qspips_v3_4/src
make -C ps7_cortexa9_0/libsrc/qspips_v3_4/src -s libs  "SHELL=/bin/sh" "COMPILER=arm-none-eabi-gcc" "ARCHIVER=arm-none-eabi-ar" "COMPILER_FLAGS=  -O2 -c" "EXTRA_COMPILER_FLAGS=-mcpu=cortex-a9 -mfpu=vfpv3 -mfloat-abi=hard -nostartfiles -Wall -Wextra"
Compiling qspips
Running Make libs in ps7_cortexa9_0/libsrc/gpiops_v3_3/src
make -C ps7_cortexa9_0/libsrc/gpiops_v3_3/src -s libs  "SHELL=/bin/sh" "COMPILER=arm-none-eabi-gcc" "ARCHIVER=arm-none-eabi-ar" "COMPILER_FLAGS=  -O2 -c" "EXTRA_COMPILER_FLAGS=-mcpu=cortex-a9 -mfpu=vfpv3 -mfloat-abi=hard -nostartfiles -Wall -Wextra"
Compiling gpiops
Running Make libs in ps7_cortexa9_0/libsrc/scugic_v3_8/src
make -C ps7_cortexa9_0/libsrc/scugic_v3_8/src -s libs  "SHELL=/bin/sh" "COMPILER=arm-none-eabi-gcc" "ARCHIVER=arm-none-eabi-ar" "COMPILER_FLAGS=  -O2 -c" "EXTRA_COMPILER_FLAGS=-mcpu=cortex-a9 -mfpu=vfpv3 -mfloat-abi=hard -nostartfiles -Wall -Wextra"
Compiling scugic
Running Make libs in ps7_cortexa9_0/libsrc/sdps_v3_3/src
make -C ps7_cortexa9_0/libsrc/sdps_v3_3/src -s libs  "SHELL=/bin/sh" "COMPILER=arm-none-eabi-gcc" "ARCHIVER=arm-none-eabi-ar" "COMPILER_FLAGS=  -O2 -c" "EXTRA_COMPILER_FLAGS=-mcpu=cortex-a9 -mfpu=vfpv3 -mfloat-abi=hard -nostartfiles -Wall -Wextra"
Compiling sdps
Running Make libs in ps7_cortexa9_0/libsrc/standalone_v6_5/src
make -C ps7_cortexa9_0/libsrc/standalone_v6_5/src -s libs  "SHELL=/bin/sh" "COMPILER=arm-none-eabi-gcc" "ARCHIVER=arm-none-eabi-ar" "COMPILER_FLAGS=  -O2 -c" "EXTRA_COMPILER_FLAGS=-mcpu=cortex-a9 -mfpu=vfpv3 -mfloat-abi=hard -nostartfiles -Wall -Wextra"
Compiling standalone
Running Make libs in ps7_cortexa9_0/libsrc/cpu_cortexa9_v2_5/src
make -C ps7_cortexa9_0/libsrc/cpu_cortexa9_v2_5/src -s libs  "SHELL=/bin/sh" "COMPILER=arm-none-eabi-gcc" "ARCHIVER=arm-none-eabi-ar" "COMPILER_FLAGS=  -O2 -c" "EXTRA_COMPILER_FLAGS=-mcpu=cortex-a9 -mfpu=vfpv3 -mfloat-abi=hard -nostartfiles -Wall -Wextra"
Compiling cpu_cortexa9
Running Make libs in ps7_cortexa9_0/libsrc/canps_v3_2/src
make -C ps7_cortexa9_0/libsrc/canps_v3_2/src -s libs  "SHELL=/bin/sh" "COMPILER=arm-none-eabi-gcc" "ARCHIVER=arm-none-eabi-ar" "COMPILER_FLAGS=  -O2 -c" "EXTRA_COMPILER_FLAGS=-mcpu=cortex-a9 -mfpu=vfpv3 -mfloat-abi=hard -nostartfiles -Wall -Wextra"
Compiling canps
Running Make libs in ps7_cortexa9_0/libsrc/xadcps_v2_2/src
make -C ps7_cortexa9_0/libsrc/xadcps_v2_2/src -s libs  "SHELL=/bin/sh" "COMPILER=arm-none-eabi-gcc" "ARCHIVER=arm-none-eabi-ar" "COMPILER_FLAGS=  -O2 -c" "EXTRA_COMPILER_FLAGS=-mcpu=cortex-a9 -mfpu=vfpv3 -mfloat-abi=hard -nostartfiles -Wall -Wextra"
Compiling xadcps
Running Make libs in ps7_cortexa9_0/libsrc/ttcps_v3_5/src
make -C ps7_cortexa9_0/libsrc/ttcps_v3_5/src -s libs  "SHELL=/bin/sh" "COMPILER=arm-none-eabi-gcc" "ARCHIVER=arm-none-eabi-ar" "COMPILER_FLAGS=  -O2 -c" "EXTRA_COMPILER_FLAGS=-mcpu=cortex-a9 -mfpu=vfpv3 -mfloat-abi=hard -nostartfiles -Wall -Wextra"
Compiling ttcps
Running Make libs in ps7_cortexa9_0/libsrc/devcfg_v3_5/src
make -C ps7_cortexa9_0/libsrc/devcfg_v3_5/src -s libs  "SHELL=/bin/sh" "COMPILER=arm-none-eabi-gcc" "ARCHIVER=arm-none-eabi-ar" "COMPILER_FLAGS=  -O2 -c" "EXTRA_COMPILER_FLAGS=-mcpu=cortex-a9 -mfpu=vfpv3 -mfloat-abi=hard -nostartfiles -Wall -Wextra"
Compiling devcfg
Running Make libs in ps7_cortexa9_0/libsrc/iicps_v3_5/src
make -C ps7_cortexa9_0/libsrc/iicps_v3_5/src -s libs  "SHELL=/bin/sh" "COMPILER=arm-none-eabi-gcc" "ARCHIVER=arm-none-eabi-ar" "COMPILER_FLAGS=  -O2 -c" "EXTRA_COMPILER_FLAGS=-mcpu=cortex-a9 -mfpu=vfpv3 -mfloat-abi=hard -nostartfiles -Wall -Wextra"
Compiling iicps
Running Make libs in ps7_cortexa9_0/libsrc/scuwdt_v2_1/src
make -C ps7_cortexa9_0/libsrc/scuwdt_v2_1/src -s libs  "SHELL=/bin/sh" "COMPILER=arm-none-eabi-gcc" "ARCHIVER=arm-none-eabi-ar" "COMPILER_FLAGS=  -O2 -c" "EXTRA_COMPILER_FLAGS=-mcpu=cortex-a9 -mfpu=vfpv3 -mfloat-abi=hard -nostartfiles -Wall -Wextra"
Compiling scuwdt
Running Make libs in ps7_cortexa9_0/libsrc/emacps_v3_6/src
make -C ps7_cortexa9_0/libsrc/emacps_v3_6/src -s libs  "SHELL=/bin/sh" "COMPILER=arm-none-eabi-gcc" "ARCHIVER=arm-none-eabi-ar" "COMPILER_FLAGS=  -O2 -c" "EXTRA_COMPILER_FLAGS=-mcpu=cortex-a9 -mfpu=vfpv3 -mfloat-abi=hard -nostartfiles -Wall -Wextra"
Compiling emacps
Running Make libs in ps7_cortexa9_0/libsrc/usbps_v2_4/src
make -C ps7_cortexa9_0/libsrc/usbps_v2_4/src -s libs  "SHELL=/bin/sh" "COMPILER=arm-none-eabi-gcc" "ARCHIVER=arm-none-eabi-ar" "COMPILER_FLAGS=  -O2 -c" "EXTRA_COMPILER_FLAGS=-mcpu=cortex-a9 -mfpu=vfpv3 -mfloat-abi=hard -nostartfiles -Wall -Wextra"
Compiling usbps
Running Make libs in ps7_cortexa9_0/libsrc/coresightps_dcc_v1_4/src
make -C ps7_cortexa9_0/libsrc/coresightps_dcc_v1_4/src -s libs  "SHELL=/bin/sh" "COMPILER=arm-none-eabi-gcc" "ARCHIVER=arm-none-eabi-ar" "COMPILER_FLAGS=  -O2 -c" "EXTRA_COMPILER_FLAGS=-mcpu=cortex-a9 -mfpu=vfpv3 -mfloat-abi=hard -nostartfiles -Wall -Wextra"
Compiling coresightps_dcc
Running Make libs in ps7_cortexa9_0/libsrc/uartps_v3_5/src
make -C ps7_cortexa9_0/libsrc/uartps_v3_5/src -s libs  "SHELL=/bin/sh" "COMPILER=arm-none-eabi-gcc" "ARCHIVER=arm-none-eabi-ar" "COMPILER_FLAGS=  -O2 -c" "EXTRA_COMPILER_FLAGS=-mcpu=cortex-a9 -mfpu=vfpv3 -mfloat-abi=hard -nostartfiles -Wall -Wextra"
Compiling uartps
Running Make libs in ps7_cortexa9_0/libsrc/scutimer_v2_1/src
make -C ps7_cortexa9_0/libsrc/scutimer_v2_1/src -s libs  "SHELL=/bin/sh" "COMPILER=arm-none-eabi-gcc" "ARCHIVER=arm-none-eabi-ar" "COMPILER_FLAGS=  -O2 -c" "EXTRA_COMPILER_FLAGS=-mcpu=cortex-a9 -mfpu=vfpv3 -mfloat-abi=hard -nostartfiles -Wall -Wextra"
Compiling scutimer
Finished building libraries
19:28:25 **** Build of configuration Debug for project ARTY_firmware ****
make pre-build main-build 
a9-linaro-pre-build-step
 
Building file: ../src/helloworld.c
Invoking: ARM v7 gcc compiler
arm-none-eabi-gcc -Wall -O0 -g3 -c -fmessage-length=0 -MT"src/helloworld.o" -mcpu=cortex-a9 -mfpu=vfpv3 -mfloat-abi=hard -I../../ARTY_firmware_bsp/ps7_cortexa9_0/include -MMD -MP -MF"src/helloworld.d" -MT"src/helloworld.o" -o "src/helloworld.o" "../src/helloworld.c"
Finished building: ../src/helloworld.c
 
Building file: ../src/platform.c
Invoking: ARM v7 gcc compiler
arm-none-eabi-gcc -Wall -O0 -g3 -c -fmessage-length=0 -MT"src/platform.o" -mcpu=cortex-a9 -mfpu=vfpv3 -mfloat-abi=hard -I../../ARTY_firmware_bsp/ps7_cortexa9_0/include -MMD -MP -MF"src/platform.d" -MT"src/platform.o" -o "src/platform.o" "../src/platform.c"
Finished building: ../src/platform.c
 
Building target: ARTY_firmware.elf
Invoking: ARM v7 gcc linker
arm-none-eabi-gcc -mcpu=cortex-a9 -mfpu=vfpv3 -mfloat-abi=hard -Wl,-build-id=none -specs=Xilinx.spec -Wl,-T -Wl,../src/lscript.ld -L../../ARTY_firmware_bsp/ps7_cortexa9_0/lib -o "ARTY_firmware.elf"  ./src/helloworld.o ./src/platform.o   -Wl,--start-group,-lxil,-lgcc,-lc,--end-group
Finished building target: ARTY_firmware.elf
 
Invoking: ARM v7 Print Size
arm-none-eabi-size ARTY_firmware.elf  |tee "ARTY_firmware.elf.size"
   text	   data	    bss	    dec	    hex	filename
  19384	   1148	  22568	  43100	   a85c	ARTY_firmware.elf
Finished building: ARTY_firmware.elf.size
 
19:28:40 **** Clean-only build of configuration Debug for project ARTY_firmware ****
make clean 
rm -rf  ./src/helloworld.o ./src/platform.o  ./src/helloworld.d ./src/platform.d  ARTY_firmware.elf.size  ARTY_firmware.elf
 
19:28:41 **** Auto Build of configuration Debug for project ARTY_firmware ****
make pre-build main-build 
a9-linaro-pre-build-step
 
Building file: ../src/ARTY_firmware.c
Invoking: ARM v7 gcc compiler
arm-none-eabi-gcc -Wall -O0 -g3 -c -fmessage-length=0 -MT"src/ARTY_firmware.o" -mcpu=cortex-a9 -mfpu=vfpv3 -mfloat-abi=hard -I../../ARTY_firmware_bsp/ps7_cortexa9_0/include -MMD -MP -MF"src/ARTY_firmware.d" -MT"src/ARTY_firmware.o" -o "src/ARTY_firmware.o" "../src/ARTY_firmware.c"
Finished building: ../src/ARTY_firmware.c
 
Building file: ../src/platform.c
Invoking: ARM v7 gcc compiler
arm-none-eabi-gcc -Wall -O0 -g3 -c -fmessage-length=0 -MT"src/platform.o" -mcpu=cortex-a9 -mfpu=vfpv3 -mfloat-abi=hard -I../../ARTY_firmware_bsp/ps7_cortexa9_0/include -MMD -MP -MF"src/platform.d" -MT"src/platform.o" -o "src/platform.o" "../src/platform.c"
Finished building: ../src/platform.c
 
Building target: ARTY_firmware.elf
Invoking: ARM v7 gcc linker
arm-none-eabi-gcc -mcpu=cortex-a9 -mfpu=vfpv3 -mfloat-abi=hard -Wl,-build-id=none -specs=Xilinx.spec -Wl,-T -Wl,../src/lscript.ld -L../../ARTY_firmware_bsp/ps7_cortexa9_0/lib -o "ARTY_firmware.elf"  ./src/ARTY_firmware.o ./src/platform.o   -Wl,--start-group,-lxil,-lgcc,-lc,--end-group
Finished building target: ARTY_firmware.elf
 
Invoking: ARM v7 Print Size
arm-none-eabi-size ARTY_firmware.elf  |tee "ARTY_firmware.elf.size"
   text	   data	    bss	    dec	    hex	filename
  19384	   1148	  22568	  43100	   a85c	ARTY_firmware.elf
Finished building: ARTY_firmware.elf.size
 
19:28:54 **** Auto Build of configuration Debug for project ARTY_firmware ****
make pre-build main-build 
a9-linaro-pre-build-step
 
Building file: ../src/ARTY_firmware.c
Invoking: ARM v7 gcc compiler
arm-none-eabi-gcc -Wall -O0 -g3 -c -fmessage-length=0 -MT"src/ARTY_firmware.o" -mcpu=cortex-a9 -mfpu=vfpv3 -mfloat-abi=hard -I../../ARTY_firmware_bsp/ps7_cortexa9_0/include -MMD -MP -MF"src/ARTY_firmware.d" -MT"src/ARTY_firmware.o" -o "src/ARTY_firmware.o" "../src/ARTY_firmware.c"
../src/ARTY_firmware.c:54:19: fatal error: xgpio.h: No such file or directory
src/subdir.mk:24: recipe for target 'src/ARTY_firmware.o' failed
 #include "xgpio.h"
                   ^
compilation terminated.
make: *** [src/ARTY_firmware.o] Error 1
19:49:42 **** Clean-only build of configuration Debug for project ARTY_firmware ****
make clean 
rm -rf  ./src/ARTY_firmware.o ./src/platform.o  ./src/ARTY_firmware.d ./src/platform.d  ARTY_firmware.elf.size  ARTY_firmware.elf
 
19:49:43 **** Auto Build of configuration Debug for project ARTY_firmware ****
make pre-build main-build 
a9-linaro-pre-build-step
 
Building file: ../src/ARTY_firmware.c
Invoking: ARM v7 gcc compiler
arm-none-eabi-gcc -Wall -O0 -g3 -c -fmessage-length=0 -MT"src/ARTY_firmware.o" -mcpu=cortex-a9 -mfpu=vfpv3 -mfloat-abi=hard -I../../ARTY_firmware_bsp/ps7_cortexa9_0/include -MMD -MP -MF"src/ARTY_firmware.d" -MT"src/ARTY_firmware.o" -o "src/ARTY_firmware.o" "../src/ARTY_firmware.c"
../src/ARTY_firmware.c:55:21: fatal error: xtmrctr.h: No such file or directory
src/subdir.mk:24: recipe for target 'src/ARTY_firmware.o' failed
 #include "xtmrctr.h"
                     ^
compilation terminated.
make: *** [src/ARTY_firmware.o] Error 1
19:49:49 **** Auto Build of configuration Debug for project ARTY_firmware ****
make pre-build main-build 
a9-linaro-pre-build-step
 
Building file: ../src/ARTY_firmware.c
Invoking: ARM v7 gcc compiler
arm-none-eabi-gcc -Wall -O0 -g3 -c -fmessage-length=0 -MT"src/ARTY_firmware.o" -mcpu=cortex-a9 -mfpu=vfpv3 -mfloat-abi=hard -I../../ARTY_firmware_bsp/ps7_cortexa9_0/include -MMD -MP -MF"src/ARTY_firmware.d" -MT"src/ARTY_firmware.o" -o "src/ARTY_firmware.o" "../src/ARTY_firmware.c"
../src/ARTY_firmware.c:74:33: error: 'XPAR_AXI_TIMER_0_CLOCK_FREQ_HZ' undeclared here (not in a function)
 const unsigned int TIMER_FREQ = XPAR_AXI_TIMER_0_CLOCK_FREQ_HZ;
                                 ^~~~~~~~~~~~~~~~~~~~~~~~~~~~~~
../src/ARTY_firmware.c:77:1: error: unknown type name 'XTmrCtr'
 XTmrCtr timer;
 ^~~~~~~
../src/ARTY_firmware.c:78:1: error: unknown type name 'XGpio'
 XGpio gpio;
 ^~~~~
../src/ARTY_firmware.c: In function 'self_test':
../src/ARTY_firmware.c:89:11: warning: implicit declaration of function 'XTmrCtr_SelfTest' [-Wimplicit-function-declaration]
  status = XTmrCtr_SelfTest(&timer, 0);
           ^~~~~~~~~~~~~~~~
../src/ARTY_firmware.c:90:16: error: 'XST_SUCCESS' undeclared (first use in this function)
  if (status == XST_SUCCESS) XTmrCtr_SetOptions(&timer, 0, XTC_CASCADE_MODE_OPTION);
                ^~~~~~~~~~~
../src/ARTY_firmware.c:90:16: note: each undeclared identifier is reported only once for each function it appears in
../src/ARTY_firmware.c:90:29: warning: implicit declaration of function 'XTmrCtr_SetOptions' [-Wimplicit-function-declaration]
  if (status == XST_SUCCESS) XTmrCtr_SetOptions(&timer, 0, XTC_CASCADE_MODE_OPTION);
                             ^~~~~~~~~~~~~~~~~~
../src/ARTY_firmware.c:90:59: error: 'XTC_CASCADE_MODE_OPTION' undeclared (first use in this function)
  if (status == XST_SUCCESS) XTmrCtr_SetOptions(&timer, 0, XTC_CASCADE_MODE_OPTION);
                                                           ^~~~~~~~~~~~~~~~~~~~~~~
../src/ARTY_firmware.c:93:11: warning: implicit declaration of function 'XGpio_SelfTest' [-Wimplicit-function-declaration]
  status = XGpio_SelfTest(&gpio);
           ^~~~~~~~~~~~~~
../src/ARTY_firmware.c:95:3: warning: implicit declaration of function 'XGpio_SetDataDirection' [-Wimplicit-function-declaration]
   XGpio_SetDataDirection(&gpio, LED_CHANNEL, 0b0000);
src/subdir.mk:24: recipe for target 'src/ARTY_firmware.o' failed
   ^~~~~~~~~~~~~~~~~~~~~~
../src/ARTY_firmware.c: In function 'run_pattern':
../src/ARTY_firmware.c:236:2: warning: implicit declaration of function 'XTmrCtr_Reset' [-Wimplicit-function-declaration]
  XTmrCtr_Reset(&timer,0);
  ^~~~~~~~~~~~~
../src/ARTY_firmware.c:237:2: warning: implicit declaration of function 'XTmrCtr_Start' [-Wimplicit-function-declaration]
  XTmrCtr_Start(&timer,0);
  ^~~~~~~~~~~~~
../src/ARTY_firmware.c:240:23: warning: implicit declaration of function 'XGpio_DiscreteRead' [-Wimplicit-function-declaration]
   unsigned int read = XGpio_DiscreteRead(&gpio, TTL_CHANNEL);
                       ^~~~~~~~~~~~~~~~~~
../src/ARTY_firmware.c:241:21: warning: implicit declaration of function 'XTmrCtr_GetValue' [-Wimplicit-function-declaration]
   unsigned int t0 = XTmrCtr_GetValue(&timer, 0);
                     ^~~~~~~~~~~~~~~~
../src/ARTY_firmware.c:245:7: warning: implicit declaration of function 'XGpio_DiscreteWrite' [-Wimplicit-function-declaration]
       XGpio_DiscreteWrite(&gpio, TTL_CHANNEL, (unsigned int)positions[i]);
       ^~~~~~~~~~~~~~~~~~~
../src/ARTY_firmware.c:258:2: warning: implicit declaration of function 'XTmrCtr_Stop' [-Wimplicit-function-declaration]
  XTmrCtr_Stop(&timer,0);
  ^~~~~~~~~~~~
../src/ARTY_firmware.c: In function 'main':
../src/ARTY_firmware.c:265:2: warning: implicit declaration of function 'XTmrCtr_Initialize' [-Wimplicit-function-declaration]
  XTmrCtr_Initialize(&timer, TIMER_ID);
  ^~~~~~~~~~~~~~~~~~
../src/ARTY_firmware.c:58:18: error: 'XPAR_AXI_TIMER_0_DEVICE_ID' undeclared (first use in this function)
 #define TIMER_ID XPAR_AXI_TIMER_0_DEVICE_ID
                  ^
../src/ARTY_firmware.c:265:29: note: in expansion of macro 'TIMER_ID'
  XTmrCtr_Initialize(&timer, TIMER_ID);
                             ^~~~~~~~
../src/ARTY_firmware.c:266:2: warning: implicit declaration of function 'XGpio_Initialize' [-Wimplicit-function-declaration]
  XGpio_Initialize(&gpio, GPIO_ID);
  ^~~~~~~~~~~~~~~~
../src/ARTY_firmware.c:59:17: error: 'XPAR_AXI_GPIO_0_DEVICE_ID' undeclared (first use in this function)
 #define GPIO_ID XPAR_AXI_GPIO_0_DEVICE_ID
                 ^
../src/ARTY_firmware.c:266:26: note: in expansion of macro 'GPIO_ID'
  XGpio_Initialize(&gpio, GPIO_ID);
                          ^~~~~~~
make: *** [src/ARTY_firmware.o] Error 1
19:49:59 **** Auto Build of configuration Debug for project ARTY_firmware ****
make pre-build main-build 
a9-linaro-pre-build-step
 
Building file: ../src/ARTY_firmware.c
Invoking: ARM v7 gcc compiler
arm-none-eabi-gcc -Wall -O0 -g3 -c -fmessage-length=0 -MT"src/ARTY_firmware.o" -mcpu=cortex-a9 -mfpu=vfpv3 -mfloat-abi=hard -I../../ARTY_firmware_bsp/ps7_cortexa9_0/include -MMD -MP -MF"src/ARTY_firmware.d" -MT"src/ARTY_firmware.o" -o "src/ARTY_firmware.o" "../src/ARTY_firmware.c"
In file included from ../src/ARTY_firmware.c:54:0:
../../ARTY_firmware_bsp/ps7_cortexa9_0/include/xgpio.h:133:21: fatal error: xgpio_l.h: No such file or directory
src/subdir.mk:24: recipe for target 'src/ARTY_firmware.o' failed
 #include "xgpio_l.h"
                     ^
compilation terminated.
make: *** [src/ARTY_firmware.o] Error 1
19:55:59 **** Build of project ARTY_firmware_bsp ****
make -k all 
Running Make include in microblaze_0/libsrc/cpu_v2_6/src
make -C microblaze_0/libsrc/cpu_v2_6/src -s include  "SHELL=/bin/sh" "COMPILER=mb-gcc" "ARCHIVER=mb-ar" "COMPILER_FLAGS= -O2 -c -mcpu=v10.0 -mlittle-endian -mxl-soft-mul" "EXTRA_COMPILER_FLAGS=-ffunction-sections -fdata-sections -Wall -Wextra"
Running Make include in microblaze_0/libsrc/standalone_v6_5/src
make -C microblaze_0/libsrc/standalone_v6_5/src -s include  "SHELL=/bin/sh" "COMPILER=mb-gcc" "ARCHIVER=mb-ar" "COMPILER_FLAGS= -O2 -c -mcpu=v10.0 -mlittle-endian -mxl-soft-mul" "EXTRA_COMPILER_FLAGS=-ffunction-sections -fdata-sections -Wall -Wextra"
Running Make include in microblaze_0/libsrc/spi_v4_3/src
make -C microblaze_0/libsrc/spi_v4_3/src -s include  "SHELL=/bin/sh" "COMPILER=mb-gcc" "ARCHIVER=mb-ar" "COMPILER_FLAGS= -O2 -c -mcpu=v10.0 -mlittle-endian -mxl-soft-mul" "EXTRA_COMPILER_FLAGS=-ffunction-sections -fdata-sections -Wall -Wextra"
Running Make include in microblaze_0/libsrc/uartlite_v3_2/src
make -C microblaze_0/libsrc/uartlite_v3_2/src -s include  "SHELL=/bin/sh" "COMPILER=mb-gcc" "ARCHIVER=mb-ar" "COMPILER_FLAGS= -O2 -c -mcpu=v10.0 -mlittle-endian -mxl-soft-mul" "EXTRA_COMPILER_FLAGS=-ffunction-sections -fdata-sections -Wall -Wextra"
Running Make include in microblaze_0/libsrc/bram_v4_2/src
make -C microblaze_0/libsrc/bram_v4_2/src -s include  "SHELL=/bin/sh" "COMPILER=mb-gcc" "ARCHIVER=mb-ar" "COMPILER_FLAGS= -O2 -c -mcpu=v10.0 -mlittle-endian -mxl-soft-mul" "EXTRA_COMPILER_FLAGS=-ffunction-sections -fdata-sections -Wall -Wextra"
Running Make include in microblaze_0/libsrc/gpio_v4_3/src
make -C microblaze_0/libsrc/gpio_v4_3/src -s include  "SHELL=/bin/sh" "COMPILER=mb-gcc" "ARCHIVER=mb-ar" "COMPILER_FLAGS= -O2 -c -mcpu=v10.0 -mlittle-endian -mxl-soft-mul" "EXTRA_COMPILER_FLAGS=-ffunction-sections -fdata-sections -Wall -Wextra"
Running Make include in microblaze_0/libsrc/tmrctr_v4_4/src
make -C microblaze_0/libsrc/tmrctr_v4_4/src -s include  "SHELL=/bin/sh" "COMPILER=mb-gcc" "ARCHIVER=mb-ar" "COMPILER_FLAGS= -O2 -c -mcpu=v10.0 -mlittle-endian -mxl-soft-mul" "EXTRA_COMPILER_FLAGS=-ffunction-sections -fdata-sections -Wall -Wextra"
Running Make libs in microblaze_0/libsrc/cpu_v2_6/src
make -C microblaze_0/libsrc/cpu_v2_6/src -s libs  "SHELL=/bin/sh" "COMPILER=mb-gcc" "ARCHIVER=mb-ar" "COMPILER_FLAGS= -O2 -c -mcpu=v10.0 -mlittle-endian -mxl-soft-mul" "EXTRA_COMPILER_FLAGS=-ffunction-sections -fdata-sections -Wall -Wextra"
Compiling cpu
mb-ar: creating ../../../lib/libxil.a
Running Make libs in microblaze_0/libsrc/standalone_v6_5/src
make -C microblaze_0/libsrc/standalone_v6_5/src -s libs  "SHELL=/bin/sh" "COMPILER=mb-gcc" "ARCHIVER=mb-ar" "COMPILER_FLAGS= -O2 -c -mcpu=v10.0 -mlittle-endian -mxl-soft-mul" "EXTRA_COMPILER_FLAGS=-ffunction-sections -fdata-sections -Wall -Wextra"
Compiling standalone
Running Make libs in microblaze_0/libsrc/spi_v4_3/src
make -C microblaze_0/libsrc/spi_v4_3/src -s libs  "SHELL=/bin/sh" "COMPILER=mb-gcc" "ARCHIVER=mb-ar" "COMPILER_FLAGS= -O2 -c -mcpu=v10.0 -mlittle-endian -mxl-soft-mul" "EXTRA_COMPILER_FLAGS=-ffunction-sections -fdata-sections -Wall -Wextra"
Compiling spi
Running Make libs in microblaze_0/libsrc/uartlite_v3_2/src
make -C microblaze_0/libsrc/uartlite_v3_2/src -s libs  "SHELL=/bin/sh" "COMPILER=mb-gcc" "ARCHIVER=mb-ar" "COMPILER_FLAGS= -O2 -c -mcpu=v10.0 -mlittle-endian -mxl-soft-mul" "EXTRA_COMPILER_FLAGS=-ffunction-sections -fdata-sections -Wall -Wextra"
Compiling uartlite
Running Make libs in microblaze_0/libsrc/bram_v4_2/src
make -C microblaze_0/libsrc/bram_v4_2/src -s libs  "SHELL=/bin/sh" "COMPILER=mb-gcc" "ARCHIVER=mb-ar" "COMPILER_FLAGS= -O2 -c -mcpu=v10.0 -mlittle-endian -mxl-soft-mul" "EXTRA_COMPILER_FLAGS=-ffunction-sections -fdata-sections -Wall -Wextra"
Compiling bram
Running Make libs in microblaze_0/libsrc/gpio_v4_3/src
make -C microblaze_0/libsrc/gpio_v4_3/src -s libs  "SHELL=/bin/sh" "COMPILER=mb-gcc" "ARCHIVER=mb-ar" "COMPILER_FLAGS= -O2 -c -mcpu=v10.0 -mlittle-endian -mxl-soft-mul" "EXTRA_COMPILER_FLAGS=-ffunction-sections -fdata-sections -Wall -Wextra"
Compiling gpio
Running Make libs in microblaze_0/libsrc/tmrctr_v4_4/src
make -C microblaze_0/libsrc/tmrctr_v4_4/src -s libs  "SHELL=/bin/sh" "COMPILER=mb-gcc" "ARCHIVER=mb-ar" "COMPILER_FLAGS= -O2 -c -mcpu=v10.0 -mlittle-endian -mxl-soft-mul" "EXTRA_COMPILER_FLAGS=-ffunction-sections -fdata-sections -Wall -Wextra"
Compiling tmrctr
Finished building libraries
19:56:03 **** Build of configuration Debug for project ARTY_firmware ****
make all 
Building file: ../src/helloworld.c
Invoking: MicroBlaze gcc compiler
mb-gcc -Wall -O0 -g3 -c -fmessage-length=0 -MT"src/helloworld.o" -I../../ARTY_firmware_bsp/microblaze_0/include -mlittle-endian -mcpu=v10.0 -mxl-soft-mul -Wl,--no-relax -ffunction-sections -fdata-sections -MMD -MP -MF"src/helloworld.d" -MT"src/helloworld.o" -o "src/helloworld.o" "../src/helloworld.c"
Finished building: ../src/helloworld.c
 
Building file: ../src/platform.c
Invoking: MicroBlaze gcc compiler
mb-gcc -Wall -O0 -g3 -c -fmessage-length=0 -MT"src/platform.o" -I../../ARTY_firmware_bsp/microblaze_0/include -mlittle-endian -mcpu=v10.0 -mxl-soft-mul -Wl,--no-relax -ffunction-sections -fdata-sections -MMD -MP -MF"src/platform.d" -MT"src/platform.o" -o "src/platform.o" "../src/platform.c"
Finished building: ../src/platform.c
 
Building target: ARTY_firmware.elf
Invoking: MicroBlaze gcc linker
mb-gcc -Wl,-T -Wl,../src/lscript.ld -L../../ARTY_firmware_bsp/microblaze_0/lib -mlittle-endian -mcpu=v10.0 -mxl-soft-mul -Wl,--no-relax -Wl,--gc-sections -o "ARTY_firmware.elf"  ./src/helloworld.o ./src/platform.o   -Wl,--start-group,-lxil,-lgcc,-lc,--end-group
Finished building target: ARTY_firmware.elf
 
Invoking: MicroBlaze Print Size
mb-size ARTY_firmware.elf  |tee "ARTY_firmware.elf.size"
   text	   data	    bss	    dec	    hex	filename
   2812	    268	   3112	   6192	   1830	ARTY_firmware.elf
Finished building: ARTY_firmware.elf.size
 
19:57:29 **** Auto Build of configuration Debug for project ARTY_firmware ****
make all 
Building file: ../src/helloworld.c
Invoking: MicroBlaze gcc compiler
mb-gcc -Wall -O0 -g3 -c -fmessage-length=0 -MT"src/helloworld.o" -I../../ARTY_firmware_bsp/microblaze_0/include -mlittle-endian -mcpu=v10.0 -mxl-soft-mul -Wl,--no-relax -ffunction-sections -fdata-sections -MMD -MP -MF"src/helloworld.d" -MT"src/helloworld.o" -o "src/helloworld.o" "../src/helloworld.c"
Finished building: ../src/helloworld.c
 
Building target: ARTY_firmware.elf
Invoking: MicroBlaze gcc linker
mb-gcc -Wl,-T -Wl,../src/lscript.ld -L../../ARTY_firmware_bsp/microblaze_0/lib -mlittle-endian -mcpu=v10.0 -mxl-soft-mul -Wl,--no-relax -Wl,--gc-sections -o "ARTY_firmware.elf"  ./src/helloworld.o ./src/platform.o   -Wl,--start-group,-lxil,-lgcc,-lc,--end-group
Finished building target: ARTY_firmware.elf
 
Invoking: MicroBlaze Print Size
mb-size ARTY_firmware.elf  |tee "ARTY_firmware.elf.size"
   text	   data	    bss	    dec	    hex	filename
 151848	   1480	   3248	 156576	  263a0	ARTY_firmware.elf
Finished building: ARTY_firmware.elf.size
 
19:57:55 **** Clean-only build of configuration Debug for project ARTY_firmware ****
make clean 
rm -rf  ./src/helloworld.o ./src/platform.o  ./src/helloworld.d ./src/platform.d  ARTY_firmware.elf.size  ARTY_firmware.elf
 
19:57:55 **** Auto Build of configuration Debug for project ARTY_firmware ****
make all 
Building file: ../src/helloworld.c
Invoking: MicroBlaze gcc compiler
mb-gcc -Wall -O0 -g3 -c -fmessage-length=0 -MT"src/helloworld.o" -I../../ARTY_firmware_bsp/microblaze_0/include -mlittle-endian -mcpu=v10.0 -mxl-soft-mul -Wl,--no-relax -ffunction-sections -fdata-sections -MMD -MP -MF"src/helloworld.d" -MT"src/helloworld.o" -o "src/helloworld.o" "../src/helloworld.c"
Finished building: ../src/helloworld.c
 
Building file: ../src/platform.c
Invoking: MicroBlaze gcc compiler
mb-gcc -Wall -O0 -g3 -c -fmessage-length=0 -MT"src/platform.o" -I../../ARTY_firmware_bsp/microblaze_0/include -mlittle-endian -mcpu=v10.0 -mxl-soft-mul -Wl,--no-relax -ffunction-sections -fdata-sections -MMD -MP -MF"src/platform.d" -MT"src/platform.o" -o "src/platform.o" "../src/platform.c"
Finished building: ../src/platform.c
 
Building target: ARTY_firmware.elf
Invoking: MicroBlaze gcc linker
mb-gcc -Wl,-T -Wl,../src/lscript.ld -L../../ARTY_firmware_bsp/microblaze_0/lib -mlittle-endian -mcpu=v10.0 -mxl-soft-mul -Wl,--no-relax -Wl,--gc-sections -o "ARTY_firmware.elf"  ./src/helloworld.o ./src/platform.o   -Wl,--start-group,-lxil,-lgcc,-lc,--end-group
Finished building target: ARTY_firmware.elf
 
Invoking: MicroBlaze Print Size
mb-size ARTY_firmware.elf  |tee "ARTY_firmware.elf.size"
   text	   data	    bss	    dec	    hex	filename
 151848	   1480	   2224	 155552	  25fa0	ARTY_firmware.elf
Finished building: ARTY_firmware.elf.size
 
20:26:10 **** Auto Build of configuration Debug for project ARTY_firmware ****
make all 
Building file: ../src/helloworld.c
Invoking: MicroBlaze gcc compiler
mb-gcc -Wall -O0 -g3 -c -fmessage-length=0 -MT"src/helloworld.o" -I../../ARTY_firmware_bsp/microblaze_0/include -mlittle-endian -mcpu=v10.0 -mxl-soft-mul -Wl,--no-relax -ffunction-sections -fdata-sections -MMD -MP -MF"src/helloworld.d" -MT"src/helloworld.o" -o "src/helloworld.o" "../src/helloworld.c"
Finished building: ../src/helloworld.c
 
Building target: ARTY_firmware.elf
Invoking: MicroBlaze gcc linker
mb-gcc -Wl,-T -Wl,../src/lscript.ld -L../../ARTY_firmware_bsp/microblaze_0/lib -mlittle-endian -mcpu=v10.0 -mxl-soft-mul -Wl,--no-relax -Wl,--gc-sections -o "ARTY_firmware.elf"  ./src/helloworld.o ./src/platform.o   -Wl,--start-group,-lxil,-lgcc,-lc,--end-group
Finished building target: ARTY_firmware.elf
 
Invoking: MicroBlaze Print Size
mb-size ARTY_firmware.elf  |tee "ARTY_firmware.elf.size"
   text	   data	    bss	    dec	    hex	filename
 151848	   1480	   2224	 155552	  25fa0	ARTY_firmware.elf
Finished building: ARTY_firmware.elf.size
 
20:52:49 **** Auto Build of configuration Debug for project ARTY_firmware ****
make all 
Building file: ../src/helloworld.c
Invoking: MicroBlaze gcc compiler
[...]
          ReadParam.Address = flbuf++;
                            ^
../src/bootloader.c: At top level:
../src/bootloader.c:50:13: warning: 'display_progress' declared 'static' but never defined [-Wunused-function]
 static void display_progress (uint32_t lines);
             ^~~~~~~~~~~~~~~~
Finished building: ../src/bootloader.c
 
Building file: ../src/platform.c
Invoking: MicroBlaze gcc compiler
mb-gcc -Wall -O0 -g3 -c -fmessage-length=0 -MT"src/platform.o" -I../../bootloader_bsp/microblaze_0/include -mlittle-endian -mcpu=v10.0 -mxl-soft-mul -Wl,--no-relax -ffunction-sections -fdata-sections -MMD -MP -MF"src/platform.d" -MT"src/platform.o" -o "src/platform.o" "../src/platform.c"
Finished building: ../src/platform.c
 
Building file: ../src/srec.c
Invoking: MicroBlaze gcc compiler
mb-gcc -Wall -O0 -g3 -c -fmessage-length=0 -MT"src/srec.o" -I../../bootloader_bsp/microblaze_0/include -mlittle-endian -mcpu=v10.0 -mxl-soft-mul -Wl,--no-relax -ffunction-sections -fdata-sections -MMD -MP -MF"src/srec.d" -MT"src/srec.o" -o "src/srec.o" "../src/srec.c"
Finished building: ../src/srec.c
 
Building target: bootloader.elf
Invoking: MicroBlaze gcc linker
mb-gcc -Wl,-T -Wl,../src/lscript.ld -L../../bootloader_bsp/microblaze_0/lib -mlittle-endian -mcpu=v10.0 -mxl-soft-mul -Wl,--no-relax -Wl,--gc-sections -o "bootloader.elf"  ./src/bootloader.o ./src/platform.o ./src/srec.o   -Wl,--start-group,-lxil,-lgcc,-lc,--end-group -Wl,--start-group,-lxilisf,-lxil,-lgcc,-lc,--end-group
Finished building target: bootloader.elf
 
Invoking: MicroBlaze Print Size
mb-size bootloader.elf  |tee "bootloader.elf.size"
   text	   data	    bss	    dec	    hex	filename
  14532	    292	   1936	  16760	   4178	bootloader.elf
Finished building: bootloader.elf.size
 
21:11:13 **** Auto Build of project bootloader_bsp ****
make -k all 
Running Make include in microblaze_0/libsrc/cpu_v2_6/src
make -C microblaze_0/libsrc/cpu_v2_6/src -s include  "SHELL=/bin/sh" "COMPILER=mb-gcc" "ARCHIVER=mb-ar" "COMPILER_FLAGS= -O2 -c -mcpu=v10.0 -mlittle-endian -mxl-soft-mul" "EXTRA_COMPILER_FLAGS=-ffunction-sections -fdata-sections -Wall -Wextra"
Running Make include in microblaze_0/libsrc/standalone_v6_5/src
make -C microblaze_0/libsrc/standalone_v6_5/src -s include  "SHELL=/bin/sh" "COMPILER=mb-gcc" "ARCHIVER=mb-ar" "COMPILER_FLAGS= -O2 -c -mcpu=v10.0 -mlittle-endian -mxl-soft-mul" "EXTRA_COMPILER_FLAGS=-ffunction-sections -fdata-sections -Wall -Wextra"
Running Make include in microblaze_0/libsrc/xilisf_v5_9/src
make -C microblaze_0/libsrc/xilisf_v5_9/src -s include  "SHELL=/bin/sh" "COMPILER=mb-gcc" "ARCHIVER=mb-ar" "COMPILER_FLAGS= -O2 -c -mcpu=v10.0 -mlittle-endian -mxl-soft-mul" "EXTRA_COMPILER_FLAGS=-ffunction-sections -fdata-sections -Wall -Wextra"
Running Make include in microblaze_0/libsrc/spi_v4_3/src
make -C microblaze_0/libsrc/spi_v4_3/src -s include  "SHELL=/bin/sh" "COMPILER=mb-gcc" "ARCHIVER=mb-ar" "COMPILER_FLAGS= -O2 -c -mcpu=v10.0 -mlittle-endian -mxl-soft-mul" "EXTRA_COMPILER_FLAGS=-ffunction-sections -fdata-sections -Wall -Wextra"
Running Make include in microblaze_0/libsrc/uartlite_v3_2/src
make -C microblaze_0/libsrc/uartlite_v3_2/src -s include  "SHELL=/bin/sh" "COMPILER=mb-gcc" "ARCHIVER=mb-ar" "COMPILER_FLAGS= -O2 -c -mcpu=v10.0 -mlittle-endian -mxl-soft-mul" "EXTRA_COMPILER_FLAGS=-ffunction-sections -fdata-sections -Wall -Wextra"
Running Make include in microblaze_0/libsrc/bram_v4_2/src
make -C microblaze_0/libsrc/bram_v4_2/src -s include  "SHELL=/bin/sh" "COMPILER=mb-gcc" "ARCHIVER=mb-ar" "COMPILER_FLAGS= -O2 -c -mcpu=v10.0 -mlittle-endian -mxl-soft-mul" "EXTRA_COMPILER_FLAGS=-ffunction-sections -fdata-sections -Wall -Wextra"
Running Make include in microblaze_0/libsrc/gpio_v4_3/src
make -C microblaze_0/libsrc/gpio_v4_3/src -s include  "SHELL=/bin/sh" "COMPILER=mb-gcc" "ARCHIVER=mb-ar" "COMPILER_FLAGS= -O2 -c -mcpu=v10.0 -mlittle-endian -mxl-soft-mul" "EXTRA_COMPILER_FLAGS=-ffunction-sections -fdata-sections -Wall -Wextra"
Running Make include in microblaze_0/libsrc/tmrctr_v4_4/src
make -C microblaze_0/libsrc/tmrctr_v4_4/src -s include  "SHELL=/bin/sh" "COMPILER=mb-gcc" "ARCHIVER=mb-ar" "COMPILER_FLAGS= -O2 -c -mcpu=v10.0 -mlittle-endian -mxl-soft-mul" "EXTRA_COMPILER_FLAGS=-ffunction-sections -fdata-sections -Wall -Wextra"
Running Make libs in microblaze_0/libsrc/cpu_v2_6/src
make -C microblaze_0/libsrc/cpu_v2_6/src -s libs  "SHELL=/bin/sh" "COMPILER=mb-gcc" "ARCHIVER=mb-ar" "COMPILER_FLAGS= -O2 -c -mcpu=v10.0 -mlittle-endian -mxl-soft-mul" "EXTRA_COMPILER_FLAGS=-ffunction-sections -fdata-sections -Wall -Wextra"
Compiling cpu
Running Make libs in microblaze_0/libsrc/standalone_v6_5/src
make -C microblaze_0/libsrc/standalone_v6_5/src -s libs  "SHELL=/bin/sh" "COMPILER=mb-gcc" "ARCHIVER=mb-ar" "COMPILER_FLAGS= -O2 -c -mcpu=v10.0 -mlittle-endian -mxl-soft-mul" "EXTRA_COMPILER_FLAGS=-ffunction-sections -fdata-sections -Wall -Wextra"
Compiling standalone
Running Make libs in microblaze_0/libsrc/xilisf_v5_9/src
make -C microblaze_0/libsrc/xilisf_v5_9/src -s libs  "SHELL=/bin/sh" "COMPILER=mb-gcc" "ARCHIVER=mb-ar" "COMPILER_FLAGS= -O2 -c -mcpu=v10.0 -mlittle-endian -mxl-soft-mul" "EXTRA_COMPILER_FLAGS=-ffunction-sections -fdata-sections -Wall -Wextra"
Compiling XilIsf Library
Running Make libs in microblaze_0/libsrc/spi_v4_3/src
make -C microblaze_0/libsrc/spi_v4_3/src -s libs  "SHELL=/bin/sh" "COMPILER=mb-gcc" "ARCHIVER=mb-ar" "COMPILER_FLAGS= -O2 -c -mcpu=v10.0 -mlittle-endian -mxl-soft-mul" "EXTRA_COMPILER_FLAGS=-ffunction-sections -fdata-sections -Wall -Wextra"
Compiling spi
Running Make libs in microblaze_0/libsrc/uartlite_v3_2/src
make -C microblaze_0/libsrc/uartlite_v3_2/src -s libs  "SHELL=/bin/sh" "COMPILER=mb-gcc" "ARCHIVER=mb-ar" "COMPILER_FLAGS= -O2 -c -mcpu=v10.0 -mlittle-endian -mxl-soft-mul" "EXTRA_COMPILER_FLAGS=-ffunction-sections -fdata-sections -Wall -Wextra"
Compiling uartlite
Running Make libs in microblaze_0/libsrc/bram_v4_2/src
make -C microblaze_0/libsrc/bram_v4_2/src -s libs  "SHELL=/bin/sh" "COMPILER=mb-gcc" "ARCHIVER=mb-ar" "COMPILER_FLAGS= -O2 -c -mcpu=v10.0 -mlittle-endian -mxl-soft-mul" "EXTRA_COMPILER_FLAGS=-ffunction-sections -fdata-sections -Wall -Wextra"
Compiling bram
Running Make libs in microblaze_0/libsrc/gpio_v4_3/src
make -C microblaze_0/libsrc/gpio_v4_3/src -s libs  "SHELL=/bin/sh" "COMPILER=mb-gcc" "ARCHIVER=mb-ar" "COMPILER_FLAGS= -O2 -c -mcpu=v10.0 -mlittle-endian -mxl-soft-mul" "EXTRA_COMPILER_FLAGS=-ffunction-sections -fdata-sections -Wall -Wextra"
Compiling gpio
Running Make libs in microblaze_0/libsrc/tmrctr_v4_4/src
make -C microblaze_0/libsrc/tmrctr_v4_4/src -s libs  "SHELL=/bin/sh" "COMPILER=mb-gcc" "ARCHIVER=mb-ar" "COMPILER_FLAGS= -O2 -c -mcpu=v10.0 -mlittle-endian -mxl-soft-mul" "EXTRA_COMPILER_FLAGS=-ffunction-sections -fdata-sections -Wall -Wextra"
Compiling tmrctr
Finished building libraries
21:11:16 **** Auto Build of configuration Debug for project bootloader ****
make all 
Building file: ../src/bootloader.c
Invoking: MicroBlaze gcc compiler
mb-gcc -Wall -O0 -g3 -c -fmessage-length=0 -MT"src/bootloader.o" -I../../bootloader_bsp/microblaze_0/include -mlittle-endian -mcpu=v10.0 -mxl-soft-mul -Wl,--no-relax -ffunction-sections -fdata-sections -MMD -MP -MF"src/bootloader.d" -MT"src/bootloader.o" -o "src/bootloader.o" "../src/bootloader.c"
In file included from ../src/bootloader.c:37:0:
../src/blconfig.h:32:2: warning: #warning "Please provide the correct address value for the definition FLASH_IMAGE_BASEADDR. Please give the flash offset @ which SREC application is programmed" [-Wcpp]
 #warning "Please provide the correct address value for the definition FLASH_IMAGE_BASEADDR. Please give the flash offset @ which SREC application is programmed"
  ^~~~~~~
../src/bootloader.c:56:2: warning: #warning "Set your Device ID here, as defined in xparameters.h" [-Wcpp]
 #warning "Set your Device ID here, as defined in xparameters.h"
  ^~~~~~~
../src/bootloader.c: In function 'flash_get_srec_line':
../src/bootloader.c:289:24: warning: assignment makes integer from pointer without a cast [-Wint-conversion]
      ReadParam.Address = flbuf++;
                        ^
../src/bootloader.c:309:13: warning: implicit declaration of function 'IsfWaitForFlashNotBusy' [-Wimplicit-function-declaration]
    Status = IsfWaitForFlashNotBusy();
             ^~~~~~~~~~~~~~~~~~~~~~
../src/bootloader.c:334:28: warning: assignment makes integer from pointer without a cast [-Wint-conversion]
          ReadParam.Address = flbuf++;
                            ^
../src/bootloader.c: At top level:
../src/bootloader.c:50:13: warning: 'display_progress' declared 'static' but never defined [-Wunused-function]
 static void display_progress (uint32_t lines);
             ^~~~~~~~~~~~~~~~
Finished building: ../src/bootloader.c
 
Building target: bootloader.elf
Invoking: MicroBlaze gcc linker
mb-gcc -Wl,-T -Wl,../src/lscript.ld -L../../bootloader_bsp/microblaze_0/lib -mlittle-endian -mcpu=v10.0 -mxl-soft-mul -Wl,--no-relax -Wl,--gc-sections -o "bootloader.elf"  ./src/bootloader.o ./src/platform.o ./src/srec.o   -Wl,--start-group,-lxil,-lgcc,-lc,--end-group -Wl,--start-group,-lxilisf,-lxil,-lgcc,-lc,--end-group
Finished building target: bootloader.elf
 
Invoking: MicroBlaze Print Size
mb-size bootloader.elf  |tee "bootloader.elf.size"
   text	   data	    bss	    dec	    hex	filename
  14532	    292	   1936	  16760	   4178	bootloader.elf
Finished building: bootloader.elf.size
 
21:12:00 **** Clean-only build of configuration Debug for project ARTY_firmware ****
make clean 
rm -rf  ./src/helloworld.o ./src/platform.o  ./src/helloworld.d ./src/platform.d  ARTY_firmware.elf.size  ARTY_firmware.elf
 
21:12:01 **** Auto Build of configuration Debug for project ARTY_firmware ****
make all 
Building file: ../src/helloworld.c
Invoking: MicroBlaze gcc compiler
mb-gcc -Wall -O0 -g3 -c -fmessage-length=0 -MT"src/helloworld.o" -I../../ARTY_firmware_bsp/microblaze_0/include -mlittle-endian -mcpu=v10.0 -mxl-soft-mul -Wl,--no-relax -ffunction-sections -fdata-sections -MMD -MP -MF"src/helloworld.d" -MT"src/helloworld.o" -o "src/helloworld.o" "../src/helloworld.c"
Finished building: ../src/helloworld.c
 
Building file: ../src/platform.c
Invoking: MicroBlaze gcc compiler
mb-gcc -Wall -O0 -g3 -c -fmessage-length=0 -MT"src/platform.o" -I../../ARTY_firmware_bsp/microblaze_0/include -mlittle-endian -mcpu=v10.0 -mxl-soft-mul -Wl,--no-relax -ffunction-sections -fdata-sections -MMD -MP -MF"src/platform.d" -MT"src/platform.o" -o "src/platform.o" "../src/platform.c"
Finished building: ../src/platform.c
 
Building target: ARTY_firmware.elf
Invoking: MicroBlaze gcc linker
mb-gcc -Wl,-T -Wl,../src/lscript.ld -L../../ARTY_firmware_bsp/microblaze_0/lib -mlittle-endian -mcpu=v10.0 -mxl-soft-mul -Wl,--no-relax -Wl,--gc-sections -o "ARTY_firmware.elf"  ./src/helloworld.o ./src/platform.o   -Wl,--start-group,-lxil,-lgcc,-lc,--end-group
Finished building target: ARTY_firmware.elf
 
Invoking: MicroBlaze Print Size
mb-size ARTY_firmware.elf  |tee "ARTY_firmware.elf.size"
   text	   data	    bss	    dec	    hex	filename
 136412	   1492	   2336	 140240	  223d0	ARTY_firmware.elf
Finished building: ARTY_firmware.elf.size
 
21:53:44 **** Auto Build of configuration Debug for project ARTY_firmware ****
make all 
Building file: ../src/helloworld.c
Invoking: MicroBlaze gcc compiler
mb-gcc -Wall -O0 -g3 -c -fmessage-length=0 -MT"src/helloworld.o" -I../../ARTY_firmware_bsp/microblaze_0/include -mlittle-endian -mcpu=v10.0 -mxl-soft-mul -Wl,--no-relax -ffunction-sections -fdata-sections -MMD -MP -MF"src/helloworld.d" -MT"src/helloworld.o" -o "src/helloworld.o" "../src/helloworld.c"
../src/helloworld.c: In function 'trigger_on_HmGX':
src/subdir.mk:24: recipe for target 'src/helloworld.o' failed
../src/helloworld.c:413:44: error: 'positions' undeclared (first use in this function)
    XGpio_DiscreteWrite(&gpio, TTL_CHANNEL, positions[i]);
                                            ^~~~~~~~~
../src/helloworld.c:413:44: note: each undeclared identifier is reported only once for each function it appears in
make: *** [src/helloworld.o] Error 1
21:55:11 **** Auto Build of configuration Debug for project ARTY_firmware ****
make all 
Building file: ../src/helloworld.c
Invoking: MicroBlaze gcc compiler
mb-gcc -Wall -O0 -g3 -c -fmessage-length=0 -MT"src/helloworld.o" -I../../ARTY_firmware_bsp/microblaze_0/include -mlittle-endian -mcpu=v10.0 -mxl-soft-mul -Wl,--no-relax -ffunction-sections -fdata-sections -MMD -MP -MF"src/helloworld.d" -MT"src/helloworld.o" -o "src/helloworld.o" "../src/helloworld.c"
Finished building: ../src/helloworld.c
 
Building target: ARTY_firmware.elf
Invoking: MicroBlaze gcc linker
mb-gcc -Wl,-T -Wl,../src/lscript.ld -L../../ARTY_firmware_bsp/microblaze_0/lib -mlittle-endian -mcpu=v10.0 -mxl-soft-mul -Wl,--no-relax -Wl,--gc-sections -o "ARTY_firmware.elf"  ./src/helloworld.o ./src/platform.o   -Wl,--start-group,-lxil,-lgcc,-lc,--end-group
Finished building target: ARTY_firmware.elf
 
Invoking: MicroBlaze Print Size
mb-size ARTY_firmware.elf  |tee "ARTY_firmware.elf.size"
   text	   data	    bss	    dec	    hex	filename
 136488	   1492	   2332	 140312	  22418	ARTY_firmware.elf
Finished building: ARTY_firmware.elf.size
 
21:55:55 **** Auto Build of configuration Debug for project ARTY_firmware ****
make all 
Building file: ../src/helloworld.c
Invoking: MicroBlaze gcc compiler
mb-gcc -Wall -O0 -g3 -c -fmessage-length=0 -MT"src/helloworld.o" -I../../ARTY_firmware_bsp/microblaze_0/include -mlittle-endian -mcpu=v10.0 -mxl-soft-mul -Wl,--no-relax -ffunction-sections -fdata-sections -MMD -MP -MF"src/helloworld.d" -MT"src/helloworld.o" -o "src/helloworld.o" "../src/helloworld.c"
Finished building: ../src/helloworld.c
 
Building target: ARTY_firmware.elf
Invoking: MicroBlaze gcc linker
mb-gcc -Wl,-T -Wl,../src/lscript.ld -L../../ARTY_firmware_bsp/microblaze_0/lib -mlittle-endian -mcpu=v10.0 -mxl-soft-mul -Wl,--no-relax -Wl,--gc-sections -o "ARTY_firmware.elf"  ./src/helloworld.o ./src/platform.o   -Wl,--start-group,-lxil,-lgcc,-lc,--end-group
Finished building target: ARTY_firmware.elf
 
Invoking: MicroBlaze Print Size
mb-size ARTY_firmware.elf  |tee "ARTY_firmware.elf.size"
   text	   data	    bss	    dec	    hex	filename
 136500	   1492	   2336	 140328	  22428	ARTY_firmware.elf
Finished building: ARTY_firmware.elf.size
 
21:57:28 **** Auto Build of configuration Debug for project ARTY_firmware ****
make all 
Building file: ../src/helloworld.c
Invoking: MicroBlaze gcc compiler
mb-gcc -Wall -O0 -g3 -c -fmessage-length=0 -MT"src/helloworld.o" -I../../ARTY_firmware_bsp/microblaze_0/include -mlittle-endian -mcpu=v10.0 -mxl-soft-mul -Wl,--no-relax -ffunction-sections -fdata-sections -MMD -MP -MF"src/helloworld.d" -MT"src/helloworld.o" -o "src/helloworld.o" "../src/helloworld.c"
Finished building: ../src/helloworld.c
 
Building target: ARTY_firmware.elf
Invoking: MicroBlaze gcc linker
mb-gcc -Wl,-T -Wl,../src/lscript.ld -L../../ARTY_firmware_bsp/microblaze_0/lib -mlittle-endian -mcpu=v10.0 -mxl-soft-mul -Wl,--no-relax -Wl,--gc-sections -o "ARTY_firmware.elf"  ./src/helloworld.o ./src/platform.o   -Wl,--start-group,-lxil,-lgcc,-lc,--end-group
Finished building target: ARTY_firmware.elf
 
Invoking: MicroBlaze Print Size
mb-size ARTY_firmware.elf  |tee "ARTY_firmware.elf.size"
   text	   data	    bss	    dec	    hex	filename
 136540	   1492	   2336	 140368	  22450	ARTY_firmware.elf
Finished building: ARTY_firmware.elf.size
 
21:59:56 **** Auto Build of configuration Debug for project ARTY_firmware ****
make all 
Building file: ../src/helloworld.c
Invoking: MicroBlaze gcc compiler
mb-gcc -Wall -O0 -g3 -c -fmessage-length=0 -MT"src/helloworld.o" -I../../ARTY_firmware_bsp/microblaze_0/include -mlittle-endian -mcpu=v10.0 -mxl-soft-mul -Wl,--no-relax -ffunction-sections -fdata-sections -MMD -MP -MF"src/helloworld.d" -MT"src/helloworld.o" -o "src/helloworld.o" "../src/helloworld.c"
Finished building: ../src/helloworld.c
 
Building target: ARTY_firmware.elf
Invoking: MicroBlaze gcc linker
mb-gcc -Wl,-T -Wl,../src/lscript.ld -L../../ARTY_firmware_bsp/microblaze_0/lib -mlittle-endian -mcpu=v10.0 -mxl-soft-mul -Wl,--no-relax -Wl,--gc-sections -o "ARTY_firmware.elf"  ./src/helloworld.o ./src/platform.o   -Wl,--start-group,-lxil,-lgcc,-lc,--end-group
Finished building target: ARTY_firmware.elf
 
Invoking: MicroBlaze Print Size
mb-size ARTY_firmware.elf  |tee "ARTY_firmware.elf.size"
   text	   data	    bss	    dec	    hex	filename
 136540	   1492	   2336	 140368	  22450	ARTY_firmware.elf
Finished building: ARTY_firmware.elf.size
 
22:05:07 **** Auto Build of configuration Debug for project ARTY_firmware ****
make all 
Building file: ../src/helloworld.c
Invoking: MicroBlaze gcc compiler
mb-gcc -Wall -O0 -g3 -c -fmessage-length=0 -MT"src/helloworld.o" -I../../ARTY_firmware_bsp/microblaze_0/include -mlittle-endian -mcpu=v10.0 -mxl-soft-mul -Wl,--no-relax -ffunction-sections -fdata-sections -MMD -MP -MF"src/helloworld.d" -MT"src/helloworld.o" -o "src/helloworld.o" "../src/helloworld.c"
../src/helloworld.c: In function 'main':
../src/helloworld.c:179:49: error: 'beam_enable_position' undeclared (first use in this function)
    int timed_out = trigger_on_HmGX(positions[0],beam_enable_position);
                                                 ^~~~~~~~~~~~~~~~~~~~
../src/helloworld.c:179:49: note: each undeclared identifier is reported only once for each function it appears in
../src/helloworld.c:178:17: warning: unused variable 'beam_enable_state' [-Wunused-variable]
    unsigned int beam_enable_state = (unsigned int)strtod(beam_enable_state_str,NULL);
                 ^~~~~~~~~~~~~~~~~
src/subdir.mk:24: recipe for target 'src/helloworld.o' failed
make: *** [src/helloworld.o] Error 1
22:05:22 **** Auto Build of configuration Debug for project ARTY_firmware ****
make all 
Building file: ../src/helloworld.c
Invoking: MicroBlaze gcc compiler
mb-gcc -Wall -O0 -g3 -c -fmessage-length=0 -MT"src/helloworld.o" -I../../ARTY_firmware_bsp/microblaze_0/include -mlittle-endian -mcpu=v10.0 -mxl-soft-mul -Wl,--no-relax -ffunction-sections -fdata-sections -MMD -MP -MF"src/helloworld.d" -MT"src/helloworld.o" -o "src/helloworld.o" "../src/helloworld.c"
Finished building: ../src/helloworld.c
 
Building target: ARTY_firmware.elf
Invoking: MicroBlaze gcc linker
mb-gcc -Wl,-T -Wl,../src/lscript.ld -L../../ARTY_firmware_bsp/microblaze_0/lib -mlittle-endian -mcpu=v10.0 -mxl-soft-mul -Wl,--no-relax -Wl,--gc-sections -o "ARTY_firmware.elf"  ./src/helloworld.o ./src/platform.o   -Wl,--start-group,-lxil,-lgcc,-lc,--end-group
Finished building target: ARTY_firmware.elf
 
Invoking: MicroBlaze Print Size
mb-size ARTY_firmware.elf  |tee "ARTY_firmware.elf.size"
   text	   data	    bss	    dec	    hex	filename
 136548	   1492	   2336	 140376	  22458	ARTY_firmware.elf
Finished building: ARTY_firmware.elf.size
 
14:21:18 **** Auto Build of configuration Debug for project ARTY_firmware ****
make all 
Building file: ../src/helloworld.c
Invoking: MicroBlaze gcc compiler
mb-gcc -Wall -O0 -g3 -c -fmessage-length=0 -MT"src/helloworld.o" -I../../ARTY_firmware_bsp/microblaze_0/include -mlittle-endian -mcpu=v10.0 -mxl-soft-mul -Wl,--no-relax -ffunction-sections -fdata-sections -MMD -MP -MF"src/helloworld.d" -MT"src/helloworld.o" -o "src/helloworld.o" "../src/helloworld.c"
Finished building: ../src/helloworld.c
 
Building target: ARTY_firmware.elf
Invoking: MicroBlaze gcc linker
mb-gcc -Wl,-T -Wl,../src/lscript.ld -L../../ARTY_firmware_bsp/microblaze_0/lib -mlittle-endian -mcpu=v10.0 -mxl-soft-mul -Wl,--no-relax -Wl,--gc-sections -o "ARTY_firmware.elf"  ./src/helloworld.o ./src/platform.o   -Wl,--start-group,-lxil,-lgcc,-lc,--end-group
Finished building target: ARTY_firmware.elf
 
Invoking: MicroBlaze Print Size
mb-size ARTY_firmware.elf  |tee "ARTY_firmware.elf.size"
   text	   data	    bss	    dec	    hex	filename
 136584	   1492	   2332	 140408	  22478	ARTY_firmware.elf
Finished building: ARTY_firmware.elf.size
 
